Component: ARM Compiler 5.06 update 7 (build 960) Tool: armlink [4d3601]

==============================================================================

Section Cross References

    startup_stm32f10x_md.o(RESET) refers to startup_stm32f10x_md.o(STACK) for __initial_sp
    startup_stm32f10x_md.o(RESET) refers to startup_stm32f10x_md.o(.text) for Reset_Handler
    startup_stm32f10x_md.o(RESET) refers to stm32f10x_it.o(i.NMI_Handler) for NMI_Handler
    startup_stm32f10x_md.o(RESET) refers to stm32f10x_it.o(i.HardFault_Handler) for HardFault_Handler
    startup_stm32f10x_md.o(RESET) refers to stm32f10x_it.o(i.MemManage_Handler) for MemManage_Handler
    startup_stm32f10x_md.o(RESET) refers to stm32f10x_it.o(i.BusFault_Handler) for BusFault_Handler
    startup_stm32f10x_md.o(RESET) refers to stm32f10x_it.o(i.UsageFault_Handler) for UsageFault_Handler
    startup_stm32f10x_md.o(RESET) refers to stm32f10x_it.o(i.SVC_Handler) for SVC_Handler
    startup_stm32f10x_md.o(RESET) refers to stm32f10x_it.o(i.DebugMon_Handler) for DebugMon_Handler
    startup_stm32f10x_md.o(RESET) refers to stm32f10x_it.o(i.PendSV_Handler) for PendSV_Handler
    startup_stm32f10x_md.o(RESET) refers to stm32f10x_it.o(i.SysTick_Handler) for SysTick_Handler
    startup_stm32f10x_md.o(RESET) refers to usart1.o(i.USART1_IRQHandler) for USART1_IRQHandler
    startup_stm32f10x_md.o(RESET) refers to esp8266.o(i.USART2_IRQHandler) for USART2_IRQHandler
    startup_stm32f10x_md.o(RESET) refers to lora_gateway.o(i.USART3_IRQHandler) for USART3_IRQHandler
    startup_stm32f10x_md.o(.text) refers to system_stm32f10x.o(i.SystemInit) for SystemInit
    startup_stm32f10x_md.o(.text) refers to entry.o(.ARM.Collect$$$$00000000) for __main
    system_stm32f10x.o(i.SetSysClock) refers to system_stm32f10x.o(i.SetSysClockTo72) for SetSysClockTo72
    system_stm32f10x.o(i.SystemCoreClockUpdate) refers to system_stm32f10x.o(.data) for .data
    system_stm32f10x.o(i.SystemInit) refers to system_stm32f10x.o(i.SetSysClock) for SetSysClock
    main.o(i.main) refers to systick.o(i.SysTick_Init) for SysTick_Init
    main.o(i.main) refers to misc.o(i.NVIC_PriorityGroupConfig) for NVIC_PriorityGroupConfig
    main.o(i.main) refers to lora_gateway.o(i.LoRa_USART3_Trans_Mode_Init) for LoRa_USART3_Trans_Mode_Init
    main.o(i.main) refers to usart1.o(i.USART1_Init) for USART1_Init
    main.o(i.main) refers to esp8266.o(i.ESP8266_USART2_Init) for ESP8266_USART2_Init
    main.o(i.main) refers to oled.o(i.OLED_Init) for OLED_Init
    main.o(i.main) refers to systick.o(i.delay_ms) for delay_ms
    main.o(i.main) refers to esp8266.o(i.ESP8266_Connection) for ESP8266_Connection
    main.o(i.main) refers to esp8266.o(i.ESP8266_Publish_Topics_Actions) for ESP8266_Publish_Topics_Actions
    main.o(i.main) refers to esp8266.o(i.ESP8266_MQTT_Publish) for ESP8266_MQTT_Publish
    main.o(i.main) refers to lora_gateway.o(i.LoRa_USART3_Node1_Humidifier_Off_Msg) for LoRa_USART3_Node1_Humidifier_Off_Msg
    main.o(i.main) refers to lora_gateway.o(i.LoRa_USART3_Node1_Fan_On_Msg) for LoRa_USART3_Node1_Fan_On_Msg
    main.o(i.main) refers to lora_gateway.o(i.LoRa_USART3_Node1_Fan_Off_Msg) for LoRa_USART3_Node1_Fan_Off_Msg
    main.o(i.main) refers to lora_gateway.o(i.LoRa_USART3_Node1_Humidifier_On_Msg) for LoRa_USART3_Node1_Humidifier_On_Msg
    main.o(i.main) refers to esp8266.o(.data) for sendData
    stm32f10x_adc.o(i.ADC_DeInit) refers to stm32f10x_rcc.o(i.RCC_APB2PeriphResetCmd) for RCC_APB2PeriphResetCmd
    stm32f10x_bkp.o(i.BKP_DeInit) refers to stm32f10x_rcc.o(i.RCC_BackupResetCmd) for RCC_BackupResetCmd
    stm32f10x_can.o(i.CAN_DeInit) refers to stm32f10x_rcc.o(i.RCC_APB1PeriphResetCmd) for RCC_APB1PeriphResetCmd
    stm32f10x_can.o(i.CAN_GetITStatus) refers to stm32f10x_can.o(i.CheckITStatus) for CheckITStatus
    stm32f10x_cec.o(i.CEC_DeInit) refers to stm32f10x_rcc.o(i.RCC_APB1PeriphResetCmd) for RCC_APB1PeriphResetCmd
    stm32f10x_dac.o(i.DAC_DeInit) refers to stm32f10x_rcc.o(i.RCC_APB1PeriphResetCmd) for RCC_APB1PeriphResetCmd
    stm32f10x_flash.o(i.FLASH_EnableWriteProtection) refers to stm32f10x_flash.o(i.FLASH_WaitForLastOperation) for FLASH_WaitForLastOperation
    stm32f10x_flash.o(i.FLASH_EraseAllBank1Pages) refers to stm32f10x_flash.o(i.FLASH_WaitForLastBank1Operation) for FLASH_WaitForLastBank1Operation
    stm32f10x_flash.o(i.FLASH_EraseAllPages) refers to stm32f10x_flash.o(i.FLASH_WaitForLastOperation) for FLASH_WaitForLastOperation
    stm32f10x_flash.o(i.FLASH_EraseOptionBytes) refers to stm32f10x_flash.o(i.FLASH_GetReadOutProtectionStatus) for FLASH_GetReadOutProtectionStatus
    stm32f10x_flash.o(i.FLASH_EraseOptionBytes) refers to stm32f10x_flash.o(i.FLASH_WaitForLastOperation) for FLASH_WaitForLastOperation
    stm32f10x_flash.o(i.FLASH_ErasePage) refers to stm32f10x_flash.o(i.FLASH_WaitForLastOperation) for FLASH_WaitForLastOperation
[...]
    Removing stm32f10x_can.o(i.CAN_GetITStatus), (204 bytes).
    Removing stm32f10x_can.o(i.CAN_GetLSBTransmitErrorCounter), (8 bytes).
    Removing stm32f10x_can.o(i.CAN_GetLastErrorCode), (10 bytes).
    Removing stm32f10x_can.o(i.CAN_GetReceiveErrorCounter), (6 bytes).
    Removing stm32f10x_can.o(i.CAN_ITConfig), (20 bytes).
    Removing stm32f10x_can.o(i.CAN_Init), (260 bytes).
    Removing stm32f10x_can.o(i.CAN_MessagePending), (28 bytes).
    Removing stm32f10x_can.o(i.CAN_OperatingModeRequest), (154 bytes).
    Removing stm32f10x_can.o(i.CAN_Receive), (130 bytes).
    Removing stm32f10x_can.o(i.CAN_SlaveStartBank), (44 bytes).
    Removing stm32f10x_can.o(i.CAN_Sleep), (30 bytes).
    Removing stm32f10x_can.o(i.CAN_StructInit), (32 bytes).
    Removing stm32f10x_can.o(i.CAN_TTComModeCmd), (96 bytes).
    Removing stm32f10x_can.o(i.CAN_Transmit), (182 bytes).
    Removing stm32f10x_can.o(i.CAN_TransmitStatus), (136 bytes).
    Removing stm32f10x_can.o(i.CAN_WakeUp), (40 bytes).
    Removing stm32f10x_can.o(i.CheckITStatus), (12 bytes).
    Removing stm32f10x_cec.o(i.CEC_ClearFlag), (32 bytes).
    Removing stm32f10x_cec.o(i.CEC_ClearITPendingBit), (32 bytes).
    Removing stm32f10x_cec.o(i.CEC_Cmd), (28 bytes).
    Removing stm32f10x_cec.o(i.CEC_DeInit), (24 bytes).
    Removing stm32f10x_cec.o(i.CEC_EndOfMessageCmd), (12 bytes).
    Removing stm32f10x_cec.o(i.CEC_GetFlagStatus), (40 bytes).
    Removing stm32f10x_cec.o(i.CEC_GetITStatus), (36 bytes).
    Removing stm32f10x_cec.o(i.CEC_ITConfig), (12 bytes).
    Removing stm32f10x_cec.o(i.CEC_Init), (24 bytes).
    Removing stm32f10x_cec.o(i.CEC_OwnAddressConfig), (12 bytes).
    Removing stm32f10x_cec.o(i.CEC_ReceiveDataByte), (12 bytes).
    Removing stm32f10x_cec.o(i.CEC_SendDataByte), (12 bytes).
    Removing stm32f10x_cec.o(i.CEC_SetPrescaler), (12 bytes).
    Removing stm32f10x_cec.o(i.CEC_StartOfMessage), (12 bytes).
    Removing stm32f10x_crc.o(i.CRC_CalcBlockCRC), (28 bytes).
    Removing stm32f10x_crc.o(i.CRC_CalcCRC), (12 bytes).
    Removing stm32f10x_crc.o(i.CRC_GetCRC), (12 bytes).
    Removing stm32f10x_crc.o(i.CRC_GetIDRegister), (12 bytes).
    Removing stm32f10x_crc.o(i.CRC_ResetDR), (12 bytes).
    Removing stm32f10x_crc.o(i.CRC_SetIDRegister), (12 bytes).
    Removing stm32f10x_dac.o(i.DAC_Cmd), (32 bytes).
    Removing stm32f10x_dac.o(i.DAC_DMACmd), (32 bytes).
    Removing stm32f10x_dac.o(i.DAC_DeInit), (24 bytes).
    Removing stm32f10x_dac.o(i.DAC_DualSoftwareTriggerCmd), (32 bytes).
    Removing stm32f10x_dac.o(i.DAC_GetDataOutputValue), (24 bytes).
    Removing stm32f10x_dac.o(i.DAC_Init), (40 bytes).
    Removing stm32f10x_dac.o(i.DAC_SetChannel1Data), (20 bytes).
    Removing stm32f10x_dac.o(i.DAC_SetChannel2Data), (20 bytes).
    Removing stm32f10x_dac.o(i.DAC_SetDualChannelData), (28 bytes).
    Removing stm32f10x_dac.o(i.DAC_SoftwareTriggerCmd), (32 bytes).
    Removing stm32f10x_dac.o(i.DAC_StructInit), (12 bytes).
    Removing stm32f10x_dac.o(i.DAC_WaveGenerationCmd), (28 bytes).
    Removing stm32f10x_dbgmcu.o(i.DBGMCU_Config), (28 bytes).
    Removing stm32f10x_dbgmcu.o(i.DBGMCU_GetDEVID), (16 bytes).
    Removing stm32f10x_dbgmcu.o(i.DBGMCU_GetREVID), (12 bytes).
    Removing stm32f10x_dma.o(i.DMA_ClearFlag), (24 bytes).
    Removing stm32f10x_dma.o(i.DMA_ClearITPendingBit), (24 bytes).
    Removing stm32f10x_dma.o(i.DMA_Cmd), (26 bytes).
    Removing stm32f10x_dma.o(i.DMA_DeInit), (248 bytes).
    Removing stm32f10x_dma.o(i.DMA_GetCurrDataCounter), (6 bytes).
    Removing stm32f10x_dma.o(i.DMA_GetFlagStatus), (36 bytes).
    Removing stm32f10x_dma.o(i.DMA_GetITStatus), (36 bytes).
    Removing stm32f10x_dma.o(i.DMA_ITConfig), (20 bytes).
    Removing stm32f10x_dma.o(i.DMA_Init), (58 bytes).
    Removing stm32f10x_dma.o(i.DMA_SetCurrDataCounter), (4 bytes).
    Removing stm32f10x_dma.o(i.DMA_StructInit), (26 bytes).
    Removing stm32f10x_exti.o(i.EXTI_ClearFlag), (12 bytes).
    Removing stm32f10x_exti.o(i.EXTI_ClearITPendingBit), (12 bytes).
    Removing stm32f10x_exti.o(i.EXTI_DeInit), (36 bytes).
    Removing stm32f10x_exti.o(i.EXTI_GenerateSWInterrupt), (16 bytes).
    Removing stm32f10x_exti.o(i.EXTI_GetFlagStatus), (20 bytes).
    Removing stm32f10x_exti.o(i.EXTI_GetITStatus), (32 bytes).
    Removing stm32f10x_exti.o(i.EXTI_Init), (116 bytes).
    Removing stm32f10x_exti.o(i.EXTI_StructInit), (14 bytes).
    Removing stm32f10x_flash.o(i.FLASH_ClearFlag), (12 bytes).
    Removing stm32f10x_flash.o(i.FLASH_EnableWriteProtection), (172 bytes).
    Removing stm32f10x_flash.o(i.FLASH_EraseAllBank1Pages), (56 bytes).
    Removing stm32f10x_flash.o(i.FLASH_EraseAllPages), (56 bytes).
    Removing stm32f10x_flash.o(i.FLASH_EraseOptionBytes), (136 bytes).
    Removing stm32f10x_flash.o(i.FLASH_ErasePage), (60 bytes).
    Removing stm32f10x_flash.o(i.FLASH_GetBank1Status), (40 bytes).
    Removing stm32f10x_flash.o(i.FLASH_GetFlagStatus), (36 bytes).
    Removing stm32f10x_flash.o(i.FLASH_GetPrefetchBufferStatus), (20 bytes).
    Removing stm32f10x_flash.o(i.FLASH_GetReadOutProtectionStatus), (20 bytes).
    Removing stm32f10x_flash.o(i.FLASH_GetStatus), (40 bytes).
    Removing stm32f10x_flash.o(i.FLASH_GetUserOptionByte), (12 bytes).
    Removing stm32f10x_flash.o(i.FLASH_GetWriteProtectionOptionByte), (12 bytes).
    Removing stm32f10x_flash.o(i.FLASH_HalfCycleAccessCmd), (24 bytes).
    Removing stm32f10x_flash.o(i.FLASH_ITConfig), (28 bytes).
    Removing stm32f10x_flash.o(i.FLASH_Lock), (16 bytes).
    Removing stm32f10x_flash.o(i.FLASH_LockBank1), (16 bytes).
    Removing stm32f10x_flash.o(i.FLASH_PrefetchBufferCmd), (24 bytes).
    Removing stm32f10x_flash.o(i.FLASH_ProgramHalfWord), (52 bytes).
    Removing stm32f10x_flash.o(i.FLASH_ProgramOptionByteData), (76 bytes).
    Removing stm32f10x_flash.o(i.FLASH_ProgramWord), (92 bytes).
    Removing stm32f10x_flash.o(i.FLASH_ReadOutProtection), (136 bytes).
    Removing stm32f10x_flash.o(i.FLASH_SetLatency), (20 bytes).
    Removing stm32f10x_flash.o(i.FLASH_Unlock), (24 bytes).
    Removing stm32f10x_flash.o(i.FLASH_UnlockBank1), (24 bytes).
    Removing stm32f10x_flash.o(i.FLASH_UserOptionByteConfig), (96 bytes).
    Removing stm32f10x_flash.o(i.FLASH_WaitForLastBank1Operation), (32 bytes).
    Removing stm32f10x_flash.o(i.FLASH_WaitForLastOperation), (32 bytes).
    Removing stm32f10x_fsmc.o(i.FSMC_ClearFlag), (42 bytes).
    Removing stm32f10x_fsmc.o(i.FSMC_ClearITPendingBit), (48 bytes).
    Removing stm32f10x_fsmc.o(i.FSMC_GetECC), (18 bytes).
    Removing stm32f10x_fsmc.o(i.FSMC_GetFlagStatus), (40 bytes).
    Removing stm32f10x_fsmc.o(i.FSMC_GetITStatus), (52 bytes).
    Removing stm32f10x_fsmc.o(i.FSMC_ITConfig), (86 bytes).
    Removing stm32f10x_fsmc.o(i.FSMC_NANDCmd), (64 bytes).
    Removing stm32f10x_fsmc.o(i.FSMC_NANDDeInit), (40 bytes).
    Removing stm32f10x_fsmc.o(i.FSMC_NANDECCCmd), (64 bytes).
    Removing stm32f10x_fsmc.o(i.FSMC_NANDInit), (104 bytes).
    Removing stm32f10x_fsmc.o(i.FSMC_NANDStructInit), (54 bytes).
    Removing stm32f10x_fsmc.o(i.FSMC_NORSRAMCmd), (36 bytes).
    Removing stm32f10x_fsmc.o(i.FSMC_NORSRAMDeInit), (48 bytes).
    Removing stm32f10x_fsmc.o(i.FSMC_NORSRAMInit), (202 bytes).
    Removing stm32f10x_fsmc.o(i.FSMC_NORSRAMStructInit), (98 bytes).
    Removing stm32f10x_fsmc.o(i.FSMC_PCCARDCmd), (36 bytes).
    Removing stm32f10x_fsmc.o(i.FSMC_PCCARDDeInit), (28 bytes).
    Removing stm32f10x_fsmc.o(i.FSMC_PCCARDInit), (104 bytes).
    Removing stm32f10x_fsmc.o(i.FSMC_PCCARDStructInit), (60 bytes).
    Removing stm32f10x_gpio.o(i.GPIO_AFIODeInit), (22 bytes).
    Removing stm32f10x_gpio.o(i.GPIO_DeInit), (216 bytes).
    Removing stm32f10x_gpio.o(i.GPIO_ETH_MediaInterfaceConfig), (12 bytes).
    Removing stm32f10x_gpio.o(i.GPIO_EXTILineConfig), (40 bytes).
    Removing stm32f10x_gpio.o(i.GPIO_EventOutputCmd), (12 bytes).
    Removing stm32f10x_gpio.o(i.GPIO_EventOutputConfig), (28 bytes).
    Removing stm32f10x_gpio.o(i.GPIO_PinLockConfig), (16 bytes).
    Removing stm32f10x_gpio.o(i.GPIO_PinRemapConfig), (92 bytes).
    Removing stm32f10x_gpio.o(i.GPIO_ReadInputData), (6 bytes).
    Removing stm32f10x_gpio.o(i.GPIO_ReadInputDataBit), (14 bytes).
    Removing stm32f10x_gpio.o(i.GPIO_ReadOutputData), (6 bytes).
    Removing stm32f10x_gpio.o(i.GPIO_ReadOutputDataBit), (14 bytes).
    Removing stm32f10x_gpio.o(i.GPIO_ResetBits), (4 bytes).
    Removing stm32f10x_gpio.o(i.GPIO_SetBits), (4 bytes).
    Removing stm32f10x_gpio.o(i.GPIO_StructInit), (16 bytes).
    Removing stm32f10x_gpio.o(i.GPIO_Write), (4 bytes).
    Removing stm32f10x_i2c.o(i.I2C_ARPCmd), (24 bytes).
    Removing stm32f10x_i2c.o(i.I2C_AcknowledgeConfig), (24 bytes).
    Removing stm32f10x_i2c.o(i.I2C_CalculatePEC), (24 bytes).
    Removing stm32f10x_i2c.o(i.I2C_CheckEvent), (24 bytes).
    Removing stm32f10x_i2c.o(i.I2C_ClearFlag), (6 bytes).
    Removing stm32f10x_i2c.o(i.I2C_ClearITPendingBit), (6 bytes).
    Removing stm32f10x_i2c.o(i.I2C_Cmd), (24 bytes).
    Removing stm32f10x_i2c.o(i.I2C_DMACmd), (24 bytes).
    Removing stm32f10x_i2c.o(i.I2C_DMALastTransferCmd), (24 bytes).
    Removing stm32f10x_i2c.o(i.I2C_DeInit), (56 bytes).
    Removing stm32f10x_i2c.o(i.I2C_DualAddressCmd), (24 bytes).
    Removing stm32f10x_i2c.o(i.I2C_FastModeDutyCycleConfig), (26 bytes).
    Removing stm32f10x_i2c.o(i.I2C_GeneralCallCmd), (24 bytes).
    Removing stm32f10x_i2c.o(i.I2C_GenerateSTART), (24 bytes).
    Removing stm32f10x_i2c.o(i.I2C_GenerateSTOP), (24 bytes).
    Removing stm32f10x_i2c.o(i.I2C_GetFlagStatus), (50 bytes).
    Removing stm32f10x_i2c.o(i.I2C_GetITStatus), (34 bytes).
    Removing stm32f10x_i2c.o(i.I2C_GetLastEvent), (14 bytes).
    Removing stm32f10x_i2c.o(i.I2C_GetPEC), (6 bytes).
    Removing stm32f10x_i2c.o(i.I2C_ITConfig), (20 bytes).
    Removing stm32f10x_i2c.o(i.I2C_Init), (192 bytes).
    Removing stm32f10x_i2c.o(i.I2C_NACKPositionConfig), (26 bytes).
    Removing stm32f10x_i2c.o(i.I2C_OwnAddress2Config), (16 bytes).
    Removing stm32f10x_i2c.o(i.I2C_PECPositionConfig), (26 bytes).
    Removing stm32f10x_i2c.o(i.I2C_ReadRegister), (16 bytes).
    Removing stm32f10x_i2c.o(i.I2C_ReceiveData), (6 bytes).
    Removing stm32f10x_i2c.o(i.I2C_SMBusAlertConfig), (26 bytes).
    Removing stm32f10x_i2c.o(i.I2C_Send7bitAddress), (18 bytes).
    Removing stm32f10x_i2c.o(i.I2C_SendData), (4 bytes).
    Removing stm32f10x_i2c.o(i.I2C_SoftwareResetCmd), (24 bytes).
    Removing stm32f10x_i2c.o(i.I2C_StretchClockCmd), (24 bytes).
    Removing stm32f10x_i2c.o(i.I2C_StructInit), (28 bytes).
    Removing stm32f10x_i2c.o(i.I2C_TransmitPEC), (24 bytes).
    Removing stm32f10x_iwdg.o(i.IWDG_Enable), (16 bytes).
    Removing stm32f10x_iwdg.o(i.IWDG_GetFlagStatus), (20 bytes).
    Removing stm32f10x_iwdg.o(i.IWDG_ReloadCounter), (16 bytes).
    Removing stm32f10x_iwdg.o(i.IWDG_SetPrescaler), (12 bytes).
    Removing stm32f10x_iwdg.o(i.IWDG_SetReload), (12 bytes).
    Removing stm32f10x_iwdg.o(i.IWDG_WriteAccessCmd), (12 bytes).
    Removing stm32f10x_pwr.o(i.PWR_BackupAccessCmd), (12 bytes).
    Removing stm32f10x_pwr.o(i.PWR_ClearFlag), (16 bytes).
    Removing stm32f10x_pwr.o(i.PWR_DeInit), (24 bytes).
    Removing stm32f10x_pwr.o(i.PWR_EnterSTANDBYMode), (40 bytes).
    Removing stm32f10x_pwr.o(i.PWR_EnterSTOPMode), (52 bytes).
    Removing stm32f10x_pwr.o(i.PWR_GetFlagStatus), (20 bytes).
    Removing stm32f10x_pwr.o(i.PWR_PVDCmd), (12 bytes).
    Removing stm32f10x_pwr.o(i.PWR_PVDLevelConfig), (20 bytes).
    Removing stm32f10x_pwr.o(i.PWR_WakeUpPinCmd), (12 bytes).
    Removing stm32f10x_rcc.o(i.RCC_ADCCLKConfig), (20 bytes).
    Removing stm32f10x_rcc.o(i.RCC_AHBPeriphClockCmd), (28 bytes).
    Removing stm32f10x_rcc.o(i.RCC_APB1PeriphResetCmd), (28 bytes).
    Removing stm32f10x_rcc.o(i.RCC_APB2PeriphResetCmd), (28 bytes).
    Removing stm32f10x_rcc.o(i.RCC_AdjustHSICalibrationValue), (20 bytes).
    Removing stm32f10x_rcc.o(i.RCC_BackupResetCmd), (12 bytes).
    Removing stm32f10x_rcc.o(i.RCC_ClearFlag), (16 bytes).
    Removing stm32f10x_rcc.o(i.RCC_ClearITPendingBit), (12 bytes).
    Removing stm32f10x_rcc.o(i.RCC_ClockSecuritySystemCmd), (12 bytes).
    Removing stm32f10x_rcc.o(i.RCC_DeInit), (64 bytes).
    Removing stm32f10x_rcc.o(i.RCC_GetFlagStatus), (48 bytes).
    Removing stm32f10x_rcc.o(i.RCC_GetITStatus), (20 bytes).
    Removing stm32f10x_rcc.o(i.RCC_GetSYSCLKSource), (16 bytes).
    Removing stm32f10x_rcc.o(i.RCC_HCLKConfig), (20 bytes).
    Removing stm32f10x_rcc.o(i.RCC_HSEConfig), (56 bytes).
    Removing stm32f10x_rcc.o(i.RCC_HSICmd), (12 bytes).
    Removing stm32f10x_rcc.o(i.RCC_ITConfig), (28 bytes).
    Removing stm32f10x_rcc.o(i.RCC_LSEConfig), (40 bytes).
    Removing stm32f10x_rcc.o(i.RCC_LSICmd), (12 bytes).
    Removing stm32f10x_rcc.o(i.RCC_MCOConfig), (12 bytes).
    Removing stm32f10x_rcc.o(i.RCC_PCLK1Config), (20 bytes).
    Removing stm32f10x_rcc.o(i.RCC_PCLK2Config), (20 bytes).
    Removing stm32f10x_rcc.o(i.RCC_PLLCmd), (12 bytes).
    Removing stm32f10x_rcc.o(i.RCC_PLLConfig), (20 bytes).
    Removing stm32f10x_rcc.o(i.RCC_RTCCLKCmd), (12 bytes).
    Removing stm32f10x_rcc.o(i.RCC_RTCCLKConfig), (16 bytes).
    Removing stm32f10x_rcc.o(i.RCC_SYSCLKConfig), (20 bytes).
    Removing stm32f10x_rcc.o(i.RCC_USBCLKConfig), (12 bytes).
    Removing stm32f10x_rcc.o(i.RCC_WaitForHSEStartUp), (48 bytes).
    Removing stm32f10x_rtc.o(i.RTC_ClearFlag), (16 bytes).
    Removing stm32f10x_rtc.o(i.RTC_ClearITPendingBit), (16 bytes).
    Removing stm32f10x_rtc.o(i.RTC_EnterConfigMode), (16 bytes).
    Removing stm32f10x_rtc.o(i.RTC_ExitConfigMode), (16 bytes).
    Removing stm32f10x_rtc.o(i.RTC_GetCounter), (20 bytes).
    Removing stm32f10x_rtc.o(i.RTC_GetDivider), (24 bytes).
    Removing stm32f10x_rtc.o(i.RTC_GetFlagStatus), (20 bytes).
    Removing stm32f10x_rtc.o(i.RTC_GetITStatus), (32 bytes).
    Removing stm32f10x_rtc.o(i.RTC_ITConfig), (28 bytes).
    Removing stm32f10x_rtc.o(i.RTC_SetAlarm), (32 bytes).
    Removing stm32f10x_rtc.o(i.RTC_SetCounter), (32 bytes).
    Removing stm32f10x_rtc.o(i.RTC_SetPrescaler), (32 bytes).
    Removing stm32f10x_rtc.o(i.RTC_WaitForLastTask), (16 bytes).
    Removing stm32f10x_rtc.o(i.RTC_WaitForSynchro), (24 bytes).
    Removing stm32f10x_sdio.o(i.SDIO_CEATAITCmd), (16 bytes).
    Removing stm32f10x_sdio.o(i.SDIO_ClearFlag), (12 bytes).
    Removing stm32f10x_sdio.o(i.SDIO_ClearITPendingBit), (12 bytes).
    Removing stm32f10x_sdio.o(i.SDIO_ClockCmd), (12 bytes).
    Removing stm32f10x_sdio.o(i.SDIO_CmdStructInit), (14 bytes).
    Removing stm32f10x_sdio.o(i.SDIO_CommandCompletionCmd), (12 bytes).
    Removing stm32f10x_sdio.o(i.SDIO_DMACmd), (12 bytes).
    Removing stm32f10x_sdio.o(i.SDIO_DataConfig), (44 bytes).
    Removing stm32f10x_sdio.o(i.SDIO_DataStructInit), (20 bytes).
    Removing stm32f10x_sdio.o(i.SDIO_DeInit), (36 bytes).
    Removing stm32f10x_sdio.o(i.SDIO_GetCommandResponse), (12 bytes).
    Removing stm32f10x_sdio.o(i.SDIO_GetDataCounter), (12 bytes).
    Removing stm32f10x_sdio.o(i.SDIO_GetFIFOCount), (12 bytes).
    Removing stm32f10x_sdio.o(i.SDIO_GetFlagStatus), (20 bytes).
    Removing stm32f10x_sdio.o(i.SDIO_GetITStatus), (20 bytes).
    Removing stm32f10x_sdio.o(i.SDIO_GetPowerState), (16 bytes).
    Removing stm32f10x_sdio.o(i.SDIO_GetResponse), (20 bytes).
    Removing stm32f10x_sdio.o(i.SDIO_ITConfig), (28 bytes).
    Removing stm32f10x_sdio.o(i.SDIO_Init), (44 bytes).
    Removing stm32f10x_sdio.o(i.SDIO_ReadData), (12 bytes).
    Removing stm32f10x_sdio.o(i.SDIO_SendCEATACmd), (12 bytes).
    Removing stm32f10x_sdio.o(i.SDIO_SendCommand), (40 bytes).
    Removing stm32f10x_sdio.o(i.SDIO_SendSDIOSuspendCmd), (12 bytes).
    Removing stm32f10x_sdio.o(i.SDIO_SetPowerState), (24 bytes).
    Removing stm32f10x_sdio.o(i.SDIO_SetSDIOOperation), (12 bytes).
    Removing stm32f10x_sdio.o(i.SDIO_SetSDIOReadWaitMode), (12 bytes).
    Removing stm32f10x_sdio.o(i.SDIO_StartSDIOReadWait), (12 bytes).
    Removing stm32f10x_sdio.o(i.SDIO_StopSDIOReadWait), (12 bytes).
    Removing stm32f10x_sdio.o(i.SDIO_StructInit), (16 bytes).
    Removing stm32f10x_sdio.o(i.SDIO_WriteData), (12 bytes).
    Removing stm32f10x_spi.o(i.I2S_Cmd), (24 bytes).
    Removing stm32f10x_spi.o(i.I2S_Init), (168 bytes).
    Removing stm32f10x_spi.o(i.I2S_StructInit), (18 bytes).
    Removing stm32f10x_spi.o(i.SPI_BiDirectionalLineConfig), (26 bytes).
    Removing stm32f10x_spi.o(i.SPI_CalculateCRC), (24 bytes).
    Removing stm32f10x_spi.o(i.SPI_Cmd), (24 bytes).
    Removing stm32f10x_spi.o(i.SPI_DataSizeConfig), (16 bytes).
    Removing stm32f10x_spi.o(i.SPI_GetCRC), (12 bytes).
    Removing stm32f10x_spi.o(i.SPI_GetCRCPolynomial), (4 bytes).
    Removing stm32f10x_spi.o(i.SPI_I2S_ClearFlag), (6 bytes).
    Removing stm32f10x_spi.o(i.SPI_I2S_ClearITPendingBit), (14 bytes).
    Removing stm32f10x_spi.o(i.SPI_I2S_DMACmd), (20 bytes).
    Removing stm32f10x_spi.o(i.SPI_I2S_DeInit), (100 bytes).
    Removing stm32f10x_spi.o(i.SPI_I2S_GetFlagStatus), (14 bytes).
    Removing stm32f10x_spi.o(i.SPI_I2S_GetITStatus), (44 bytes).
    Removing stm32f10x_spi.o(i.SPI_I2S_ITConfig), (28 bytes).
    Removing stm32f10x_spi.o(i.SPI_I2S_ReceiveData), (4 bytes).
    Removing stm32f10x_spi.o(i.SPI_I2S_SendData), (4 bytes).
    Removing stm32f10x_spi.o(i.SPI_Init), (56 bytes).
    Removing stm32f10x_spi.o(i.SPI_NSSInternalSoftwareConfig), (28 bytes).
    Removing stm32f10x_spi.o(i.SPI_SSOutputCmd), (24 bytes).
    Removing stm32f10x_spi.o(i.SPI_StructInit), (24 bytes).
    Removing stm32f10x_spi.o(i.SPI_TransmitCRC), (10 bytes).
    Removing stm32f10x_tim.o(i.TI1_Config), (116 bytes).
    Removing stm32f10x_tim.o(i.TI2_Config), (124 bytes).
    Removing stm32f10x_tim.o(i.TI3_Config), (120 bytes).
    Removing stm32f10x_tim.o(i.TI4_Config), (124 bytes).
    Removing stm32f10x_tim.o(i.TIM_ARRPreloadConfig), (24 bytes).
    Removing stm32f10x_tim.o(i.TIM_BDTRConfig), (34 bytes).
    Removing stm32f10x_tim.o(i.TIM_BDTRStructInit), (18 bytes).
    Removing stm32f10x_tim.o(i.TIM_CCPreloadControl), (24 bytes).
    Removing stm32f10x_tim.o(i.TIM_CCxCmd), (22 bytes).
    Removing stm32f10x_tim.o(i.TIM_CCxNCmd), (22 bytes).
    Removing stm32f10x_tim.o(i.TIM_ClearFlag), (6 bytes).
    Removing stm32f10x_tim.o(i.TIM_ClearITPendingBit), (6 bytes).
    Removing stm32f10x_tim.o(i.TIM_ClearOC1Ref), (12 bytes).
    Removing stm32f10x_tim.o(i.TIM_ClearOC2Ref), (20 bytes).
    Removing stm32f10x_tim.o(i.TIM_ClearOC3Ref), (12 bytes).
    Removing stm32f10x_tim.o(i.TIM_ClearOC4Ref), (20 bytes).
    Removing stm32f10x_tim.o(i.TIM_Cmd), (24 bytes).
    Removing stm32f10x_tim.o(i.TIM_CounterModeConfig), (12 bytes).
    Removing stm32f10x_tim.o(i.TIM_CtrlPWMOutputs), (28 bytes).
    Removing stm32f10x_tim.o(i.TIM_DMACmd), (20 bytes).
    Removing stm32f10x_tim.o(i.TIM_DMAConfig), (8 bytes).
    Removing stm32f10x_tim.o(i.TIM_DeInit), (528 bytes).
    Removing stm32f10x_tim.o(i.TIM_ETRClockMode1Config), (32 bytes).
    Removing stm32f10x_tim.o(i.TIM_ETRClockMode2Config), (20 bytes).
    Removing stm32f10x_tim.o(i.TIM_ETRConfig), (24 bytes).
    Removing stm32f10x_tim.o(i.TIM_EncoderInterfaceConfig), (50 bytes).
    Removing stm32f10x_tim.o(i.TIM_ForcedOC1Config), (12 bytes).
    Removing stm32f10x_tim.o(i.TIM_ForcedOC2Config), (20 bytes).
    Removing stm32f10x_tim.o(i.TIM_ForcedOC3Config), (12 bytes).
    Removing stm32f10x_tim.o(i.TIM_ForcedOC4Config), (20 bytes).
    Removing stm32f10x_tim.o(i.TIM_GenerateEvent), (4 bytes).
    Removing stm32f10x_tim.o(i.TIM_GetCapture1), (4 bytes).
    Removing stm32f10x_tim.o(i.TIM_GetCapture2), (4 bytes).
    Removing stm32f10x_tim.o(i.TIM_GetCapture3), (4 bytes).
    Removing stm32f10x_tim.o(i.TIM_GetCapture4), (6 bytes).
    Removing stm32f10x_tim.o(i.TIM_GetCounter), (4 bytes).
    Removing stm32f10x_tim.o(i.TIM_GetFlagStatus), (14 bytes).
    Removing stm32f10x_tim.o(i.TIM_GetITStatus), (24 bytes).
    Removing stm32f10x_tim.o(i.TIM_GetPrescaler), (4 bytes).
    Removing stm32f10x_tim.o(i.TIM_ICInit), (140 bytes).
    Removing stm32f10x_tim.o(i.TIM_ICStructInit), (16 bytes).
    Removing stm32f10x_tim.o(i.TIM_ITConfig), (20 bytes).
    Removing stm32f10x_tim.o(i.TIM_ITRxExternalClockConfig), (20 bytes).
    Removing stm32f10x_tim.o(i.TIM_InternalClockConfig), (10 bytes).
    Removing stm32f10x_tim.o(i.TIM_OC1FastConfig), (12 bytes).
    Removing stm32f10x_tim.o(i.TIM_OC1Init), (136 bytes).
    Removing stm32f10x_tim.o(i.TIM_OC1NPolarityConfig), (12 bytes).
    Removing stm32f10x_tim.o(i.TIM_OC1PolarityConfig), (12 bytes).
    Removing stm32f10x_tim.o(i.TIM_OC1PreloadConfig), (12 bytes).
    Removing stm32f10x_tim.o(i.TIM_OC2FastConfig), (20 bytes).
    Removing stm32f10x_tim.o(i.TIM_OC2Init), (136 bytes).
    Removing stm32f10x_tim.o(i.TIM_OC2NPolarityConfig), (20 bytes).
    Removing stm32f10x_tim.o(i.TIM_OC2PolarityConfig), (20 bytes).
    Removing stm32f10x_tim.o(i.TIM_OC2PreloadConfig), (20 bytes).
    Removing stm32f10x_tim.o(i.TIM_OC3FastConfig), (12 bytes).
    Removing stm32f10x_tim.o(i.TIM_OC3Init), (132 bytes).
    Removing stm32f10x_tim.o(i.TIM_OC3NPolarityConfig), (20 bytes).
    Removing stm32f10x_tim.o(i.TIM_OC3PolarityConfig), (20 bytes).
    Removing stm32f10x_tim.o(i.TIM_OC3PreloadConfig), (12 bytes).
    Removing stm32f10x_tim.o(i.TIM_OC4FastConfig), (20 bytes).
    Removing stm32f10x_tim.o(i.TIM_OC4Init), (104 bytes).
    Removing stm32f10x_tim.o(i.TIM_OC4PolarityConfig), (20 bytes).
    Removing stm32f10x_tim.o(i.TIM_OC4PreloadConfig), (20 bytes).
    Removing stm32f10x_tim.o(i.TIM_OCStructInit), (20 bytes).
    Removing stm32f10x_tim.o(i.TIM_PWMIConfig), (110 bytes).
    Removing stm32f10x_tim.o(i.TIM_PrescalerConfig), (6 bytes).
    Removing stm32f10x_tim.o(i.TIM_SelectCCDMA), (24 bytes).
    Removing stm32f10x_tim.o(i.TIM_SelectCOM), (24 bytes).
    Removing stm32f10x_tim.o(i.TIM_SelectHallSensor), (24 bytes).
    Removing stm32f10x_tim.o(i.TIM_SelectInputTrigger), (12 bytes).
    Removing stm32f10x_tim.o(i.TIM_SelectMasterSlaveMode), (16 bytes).
    Removing stm32f10x_tim.o(i.TIM_SelectOCxM), (76 bytes).
    Removing stm32f10x_tim.o(i.TIM_SelectOnePulseMode), (16 bytes).
    Removing stm32f10x_tim.o(i.TIM_SelectOutputTrigger), (16 bytes).
    Removing stm32f10x_tim.o(i.TIM_SelectSlaveMode), (16 bytes).
    Removing stm32f10x_tim.o(i.TIM_SetAutoreload), (4 bytes).
    Removing stm32f10x_tim.o(i.TIM_SetClockDivision), (16 bytes).
    Removing stm32f10x_tim.o(i.TIM_SetCompare1), (4 bytes).
    Removing stm32f10x_tim.o(i.TIM_SetCompare2), (4 bytes).
    Removing stm32f10x_tim.o(i.TIM_SetCompare3), (4 bytes).
    Removing stm32f10x_tim.o(i.TIM_SetCompare4), (6 bytes).
    Removing stm32f10x_tim.o(i.TIM_SetCounter), (4 bytes).
    Removing stm32f10x_tim.o(i.TIM_SetIC1Prescaler), (16 bytes).
    Removing stm32f10x_tim.o(i.TIM_SetIC2Prescaler), (24 bytes).
    Removing stm32f10x_tim.o(i.TIM_SetIC3Prescaler), (16 bytes).
    Removing stm32f10x_tim.o(i.TIM_SetIC4Prescaler), (24 bytes).
    Removing stm32f10x_tim.o(i.TIM_TIxExternalClockConfig), (48 bytes).
    Removing stm32f10x_tim.o(i.TIM_TimeBaseInit), (156 bytes).
    Removing stm32f10x_tim.o(i.TIM_TimeBaseStructInit), (18 bytes).
    Removing stm32f10x_tim.o(i.TIM_UpdateDisableConfig), (24 bytes).
    Removing stm32f10x_tim.o(i.TIM_UpdateRequestConfig), (24 bytes).
    Removing stm32f10x_usart.o(i.USART_ClockInit), (30 bytes).
    Removing stm32f10x_usart.o(i.USART_ClockStructInit), (12 bytes).
    Removing stm32f10x_usart.o(i.USART_DMACmd), (20 bytes).
    Removing stm32f10x_usart.o(i.USART_DeInit), (164 bytes).
    Removing stm32f10x_usart.o(i.USART_HalfDuplexCmd), (24 bytes).
    Removing stm32f10x_usart.o(i.USART_IrDACmd), (24 bytes).
    Removing stm32f10x_usart.o(i.USART_IrDAConfig), (16 bytes).
    Removing stm32f10x_usart.o(i.USART_LINBreakDetectLengthConfig), (16 bytes).
    Removing stm32f10x_usart.o(i.USART_LINCmd), (24 bytes).
    Removing stm32f10x_usart.o(i.USART_OneBitMethodCmd), (24 bytes).
    Removing stm32f10x_usart.o(i.USART_OverSampling8Cmd), (24 bytes).
    Removing stm32f10x_usart.o(i.USART_ReceiverWakeUpCmd), (24 bytes).
    Removing stm32f10x_usart.o(i.USART_SendBreak), (10 bytes).
    Removing stm32f10x_usart.o(i.USART_SetAddress), (16 bytes).
    Removing stm32f10x_usart.o(i.USART_SetGuardTime), (16 bytes).
    Removing stm32f10x_usart.o(i.USART_SetPrescaler), (16 bytes).
    Removing stm32f10x_usart.o(i.USART_SmartCardCmd), (24 bytes).
    Removing stm32f10x_usart.o(i.USART_SmartCardNACKCmd), (24 bytes).
    Removing stm32f10x_usart.o(i.USART_StructInit), (22 bytes).
    Removing stm32f10x_usart.o(i.USART_WakeUpConfig), (16 bytes).
    Removing stm32f10x_wwdg.o(i.WWDG_ClearFlag), (12 bytes).
    Removing stm32f10x_wwdg.o(i.WWDG_DeInit), (24 bytes).
    Removing stm32f10x_wwdg.o(i.WWDG_Enable), (16 bytes).
    Removing stm32f10x_wwdg.o(i.WWDG_EnableIT), (12 bytes).
    Removing stm32f10x_wwdg.o(i.WWDG_GetFlagStatus), (12 bytes).
    Removing stm32f10x_wwdg.o(i.WWDG_SetCounter), (16 bytes).
    Removing stm32f10x_wwdg.o(i.WWDG_SetPrescaler), (20 bytes).
    Removing stm32f10x_wwdg.o(i.WWDG_SetWindowValue), (32 bytes).
    Removing systick.o(i.delay_us), (52 bytes).
    Removing usart1.o(i.Serial_SendByte), (32 bytes).
    Removing usart1.o(i.fputc), (36 bytes).
    Removing esp8266.o(.bss), (1024 bytes).
    Removing led_pc13.o(i.LED_PC13_Init), (52 bytes).
    Removing led_pc13.o(i.LED_PC13_OFF), (16 bytes).
    Removing led_pc13.o(i.LED_PC13_ON), (16 bytes).
    Removing led_pc13.o(i.LED_PC13_Turn), (48 bytes).
    Removing oled.o(i.OLED_Pow), (16 bytes).
    Removing oled.o(i.OLED_ShowBinNum), (58 bytes).
    Removing oled.o(i.OLED_ShowChar), (88 bytes).
    Removing oled.o(i.OLED_ShowHexNum), (80 bytes).
    Removing oled.o(i.OLED_ShowNum), (64 bytes).
    Removing oled.o(i.OLED_ShowSignedNum), (98 bytes).
    Removing oled.o(i.OLED_ShowString), (38 bytes).
    Removing oled.o(.constdata), (1520 bytes).
    Removing lora_gateway.o(i.LoRa_USART3_Node2IDPkt), (40 bytes).
    Removing lora_gateway.o(i.LoRa_USART3_SendString), (24 bytes).
    Removing lora_gateway.o(i.LoRa_USART3_Set_Mode_Init), (236 bytes).
    Removing lora_gateway.o(.data), (1 bytes).
    Removing lora_gateway.o(.data), (1 bytes).
    Removing lora_gateway.o(.data), (1 bytes).
    Removing lora_gateway.o(.data), (1 bytes).
    Removing lora_gateway.o(.data), (1 bytes).
    Removing lora_gateway.o(.data), (1 bytes).
    Removing lora_gateway.o(.data), (1 bytes).
    Removing lora_gateway.o(.data), (1 bytes).
    Removing lora_gateway.o(.data), (1 bytes).
    Removing lora_gateway.o(.data), (1 bytes).
    Removing lora_gateway.o(.data), (1 bytes).

489 unused section(s) (total 19481 bytes) removed from the image.

==============================================================================

Image Symbol Table

    Local Symbols

    Symbol Name                              Value     Ov Type        Size  Object(Section)

    ../clib/microlib/ctype/ctype.c           0x00000000   Number         0  isspace_c.o ABSOLUTE
    ../clib/microlib/ctype/ctype.c           0x00000000   Number         0  ctype_c.o ABSOLUTE
    ../clib/microlib/division.c              0x00000000   Number         0  uldiv.o ABSOLUTE
    ../clib/microlib/division.c              0x00000000   Number         0  uidiv.o ABSOLUTE
    ../clib/microlib/init/entry.s            0x00000000   Number         0  entry10b.o ABSOLUTE
    ../clib/microlib/init/entry.s            0x00000000   Number         0  entry2.o ABSOLUTE
    ../clib/microlib/init/entry.s            0x00000000   Number         0  entry11b.o ABSOLUTE
    ../clib/microlib/init/entry.s            0x00000000   Number         0  entry5.o ABSOLUTE
    ../clib/microlib/init/entry.s            0x00000000   Number         0  entry12a.o ABSOLUTE
    ../clib/microlib/init/entry.s            0x00000000   Number         0  entry7a.o ABSOLUTE
    ../clib/microlib/init/entry.s            0x00000000   Number         0  entry7b.o ABSOLUTE
    ../clib/microlib/init/entry.s            0x00000000   Number         0  entry8b.o ABSOLUTE
    ../clib/microlib/init/entry.s            0x00000000   Number         0  entry9a.o ABSOLUTE
    ../clib/microlib/init/entry.s            0x00000000   Number         0  entry8a.o ABSOLUTE
    ../clib/microlib/init/entry.s            0x00000000   Number         0  entry9b.o ABSOLUTE
    ../clib/microlib/init/entry.s            0x00000000   Number         0  entry10a.o ABSOLUTE
    ../clib/microlib/init/entry.s            0x00000000   Number         0  entry12b.o ABSOLUTE
    ../clib/microlib/init/entry.s            0x00000000   Number         0  entry.o ABSOLUTE
    ../clib/microlib/init/entry.s            0x00000000   Number         0  entry11a.o ABSOLUTE
    ../clib/microlib/longlong.c              0x00000000   Number         0  llsshr.o ABSOLUTE
    ../clib/microlib/longlong.c              0x00000000   Number         0  llushr.o ABSOLUTE
    ../clib/microlib/longlong.c              0x00000000   Number         0  llshl.o ABSOLUTE
    ../clib/microlib/printf/printf.c         0x00000000   Number         0  printfb.o ABSOLUTE
    ../clib/microlib/printf/printf.c         0x00000000   Number         0  printf0.o ABSOLUTE
    ../clib/microlib/printf/printf.c         0x00000000   Number         0  printf1.o ABSOLUTE
    ../clib/microlib/printf/printf.c         0x00000000   Number         0  printf2.o ABSOLUTE
    ../clib/microlib/printf/printf.c         0x00000000   Number         0  printf3.o ABSOLUTE
    ../clib/microlib/printf/printf.c         0x00000000   Number         0  printf4.o ABSOLUTE
    ../clib/microlib/printf/printf.c         0x00000000   Number         0  printf5.o ABSOLUTE
    ../clib/microlib/printf/printf.c         0x00000000   Number         0  printf6.o ABSOLUTE
    ../clib/microlib/printf/printf.c         0x00000000   Number         0  printf7.o ABSOLUTE
    ../clib/microlib/printf/printf.c         0x00000000   Number         0  printf8.o ABSOLUTE
    ../clib/microlib/printf/printf.c         0x00000000   Number         0  printfa.o ABSOLUTE
    ../clib/microlib/printf/stubs.s          0x00000000   Number         0  stubs.o ABSOLUTE
    ../clib/microlib/stdio/streams.c         0x00000000   Number         0  stdout.o ABSOLUTE
    ../clib/microlib/string/memset.c         0x00000000   Number         0  memseta.o ABSOLUTE
    ../clib/microlib/string/strlen.c         0x00000000   Number         0  strlen.o ABSOLUTE
    ../clib/microlib/string/strstr.c         0x00000000   Number         0  strstr.o ABSOLUTE
    ../clib/microlib/stubs.s                 0x00000000   Number         0  iusefp.o ABSOLUTE
    ../clib/scanf.c                          0x00000000   Number         0  __0sscanf.o ABSOLUTE
    ../clib/scanf.c                          0x00000000   Number         0  _scanf_int.o ABSOLUTE
    ../clib/scanf.c                          0x00000000   Number         0  _scanf.o ABSOLUTE
    ../clib/scanf.c                          0x00000000   Number         0  _sgetc.o ABSOLUTE
    ../clib/scanf.c                          0x00000000   Number         0  scanf_char.o ABSOLUTE
    ../clib/scanf.c                          0x00000000   Number         0  _chval.o ABSOLUTE
    ../fplib/microlib/fpadd.c                0x00000000   Number         0  dadd.o ABSOLUTE
    ../fplib/microlib/fpdiv.c                0x00000000   Number         0  ddiv.o ABSOLUTE
    ../fplib/microlib/fpepilogue.c           0x00000000   Number         0  depilogue.o ABSOLUTE
    ../fplib/microlib/fpfix.c                0x00000000   Number         0  dfixul.o ABSOLUTE
    ../fplib/microlib/fpmul.c                0x00000000   Number         0  dmul.o ABSOLUTE
    Drivers\ESP8266.c                        0x00000000   Number         0  esp8266.o ABSOLUTE
    Drivers\LED_PC13.c                       0x00000000   Number         0  led_pc13.o ABSOLUTE
    Drivers\LoRa_Gateway.c                   0x00000000   Number         0  lora_gateway.o ABSOLUTE
    Drivers\OLED.c                           0x00000000   Number         0  oled.o ABSOLUTE
    Libraries\src\misc.c                     0x00000000   Number         0  misc.o ABSOLUTE
    Libraries\src\stm32f10x_adc.c            0x00000000   Number         0  stm32f10x_adc.o ABSOLUTE
    Libraries\src\stm32f10x_bkp.c            0x00000000   Number         0  stm32f10x_bkp.o ABSOLUTE
    Libraries\src\stm32f10x_can.c            0x00000000   Number         0  stm32f10x_can.o ABSOLUTE
    Libraries\src\stm32f10x_cec.c            0x00000000   Number         0  stm32f10x_cec.o ABSOLUTE
    Libraries\src\stm32f10x_crc.c            0x00000000   Number         0  stm32f10x_crc.o ABSOLUTE
    Libraries\src\stm32f10x_dac.c            0x00000000   Number         0  stm32f10x_dac.o ABSOLUTE
    Libraries\src\stm32f10x_dbgmcu.c         0x00000000   Number         0  stm32f10x_dbgmcu.o ABSOLUTE
    Libraries\src\stm32f10x_dma.c            0x00000000   Number         0  stm32f10x_dma.o ABSOLUTE
    Libraries\src\stm32f10x_exti.c           0x00000000   Number         0  stm32f10x_exti.o ABSOLUTE
    Libraries\src\stm32f10x_flash.c          0x00000000   Number         0  stm32f10x_flash.o ABSOLUTE
    Libraries\src\stm32f10x_fsmc.c           0x00000000   Number         0  stm32f10x_fsmc.o ABSOLUTE
    Libraries\src\stm32f10x_gpio.c           0x00000000   Number         0  stm32f10x_gpio.o ABSOLUTE
    Libraries\src\stm32f10x_i2c.c            0x00000000   Number         0  stm32f10x_i2c.o ABSOLUTE
    Libraries\src\stm32f10x_iwdg.c           0x00000000   Number         0  stm32f10x_iwdg.o ABSOLUTE
    Libraries\src\stm32f10x_pwr.c            0x00000000   Number         0  stm32f10x_pwr.o ABSOLUTE
    Libraries\src\stm32f10x_rcc.c            0x00000000   Number         0  stm32f10x_rcc.o ABSOLUTE
    Libraries\src\stm32f10x_rtc.c            0x00000000   Number         0  stm32f10x_rtc.o ABSOLUTE
    Libraries\src\stm32f10x_sdio.c           0x00000000   Number         0  stm32f10x_sdio.o ABSOLUTE
    Libraries\src\stm32f10x_spi.c            0x00000000   Number         0  stm32f10x_spi.o ABSOLUTE
    Libraries\src\stm32f10x_tim.c            0x00000000   Number         0  stm32f10x_tim.o ABSOLUTE
    Libraries\src\stm32f10x_usart.c          0x00000000   Number         0  stm32f10x_usart.o ABSOLUTE
    Libraries\src\stm32f10x_wwdg.c           0x00000000   Number         0  stm32f10x_wwdg.o ABSOLUTE
    SystemFiles\\core_cm3.c                  0x00000000   Number         0  core_cm3.o ABSOLUTE
    SystemFiles\core_cm3.c                   0x00000000   Number         0  core_cm3.o ABSOLUTE
    SystemFiles\startup_stm32f10x_md.s       0x00000000   Number         0  startup_stm32f10x_md.o ABSOLUTE
    SystemFiles\system_stm32f10x.c           0x00000000   Number         0  system_stm32f10x.o ABSOLUTE
    System\SysTick.c                         0x00000000   Number         0  systick.o ABSOLUTE
    System\USART1.c                          0x00000000   Number         0  usart1.o ABSOLUTE
    User\main.c                              0x00000000   Number         0  main.o ABSOLUTE
    User\stm32f10x_it.c                      0x00000000   Number         0  stm32f10x_it.o ABSOLUTE
    cdrcmple.s                               0x00000000   Number         0  cdrcmple.o ABSOLUTE
    dc.s                                     0x00000000   Number         0  dc.o ABSOLUTE
    handlers.s                               0x00000000   Number         0  handlers.o ABSOLUTE
    init.s                                   0x00000000   Number         0  init.o ABSOLUTE
    RESET                                    0x08000000   Section      236  startup_stm32f10x_md.o(RESET)
    .ARM.Collect$$$$00000000                 0x080000ec   Section        0  entry.o(.ARM.Collect$$$$00000000)
    .ARM.Collect$$$$00000001                 0x080000ec   Section        4  entry2.o(.ARM.Collect$$$$00000001)
    .ARM.Collect$$$$00000004                 0x080000f0   Section        4  entry5.o(.ARM.Collect$$$$00000004)
    .ARM.Collect$$$$00000008                 0x080000f4   Section        0  entry7b.o(.ARM.Collect$$$$00000008)
    .ARM.Collect$$$$0000000A                 0x080000f4   Section        0  entry8b.o(.ARM.Collect$$$$0000000A)
    .ARM.Collect$$$$0000000B                 0x080000f4   Section        8  entry9a.o(.ARM.Collect$$$$0000000B)
    .ARM.Collect$$$$0000000E                 0x080000fc   Section        4  entry12b.o(.ARM.Collect$$$$0000000E)
    .ARM.Collect$$$$0000000F                 0x08000100   Section        0  entry10a.o(.ARM.Collect$$$$0000000F)
    .ARM.Collect$$$$00000011                 0x08000100   Section        0  entry11a.o(.ARM.Collect$$$$00000011)
    .ARM.Collect$$$$00002712                 0x08000100   Section        4  entry2.o(.ARM.Collect$$$$00002712)
    __lit__00000000                          0x08000100   Data           4  entry2.o(.ARM.Collect$$$$00002712)
    .text                                    0x08000104   Section       36  startup_stm32f10x_md.o(.text)
    .text                                    0x08000128   Section        0  memseta.o(.text)
    .text                                    0x0800014c   Section        0  strstr.o(.text)
    .text                                    0x08000170   Section        0  strlen.o(.text)
    .text                                    0x08000180   Section        0  __0sscanf.o(.text)
    .text                                    0x080001b8   Section        0  _scanf_int.o(.text)
    .text                                    0x08000304   Section        0  uidiv.o(.text)
    .text                                    0x08000330   Section        0  uldiv.o(.text)
    .text                                    0x08000392   Section        0  _chval.o(.text)
    .text                                    0x080003b0   Section        0  scanf_char.o(.text)
    _scanf_char_input                        0x080003b1   Thumb Code    12  scanf_char.o(.text)
    .text                                    0x080003d8   Section        0  _sgetc.o(.text)
    .text                                    0x08000418   Section        0  iusefp.o(.text)
    .text                                    0x08000418   Section        0  dadd.o(.text)
    .text                                    0x08000566   Section        0  dmul.o(.text)
    .text                                    0x0800064a   Section        0  ddiv.o(.text)
    .text                                    0x08000728   Section        0  dfixul.o(.text)
    .text                                    0x08000758   Section       48  cdrcmple.o(.text)
    .text                                    0x08000788   Section       36  init.o(.text)
    .text                                    0x080007ac   Section        0  llshl.o(.text)
    .text                                    0x080007ca   Section        0  llushr.o(.text)
    .text                                    0x080007ea   Section        0  llsshr.o(.text)
    .text                                    0x0800080e   Section        0  isspace_c.o(.text)
    .text                                    0x08000818   Section        0  _scanf.o(.text)
    .text                                    0x08000b48   Section        0  depilogue.o(.text)
    .text                                    0x08000c04   Section        0  ctype_c.o(.text)
    i.BusFault_Handler                       0x08000c2c   Section        0  stm32f10x_it.o(i.BusFault_Handler)
    i.DebugMon_Handler                       0x08000c2e   Section        0  stm32f10x_it.o(i.DebugMon_Handler)
    i.ESP8266_Connection                     0x08000c30   Section        0  esp8266.o(i.ESP8266_Connection)
    i.ESP8266_MQTT_Publish                   0x08000dd0   Section        0  esp8266.o(i.ESP8266_MQTT_Publish)
    i.ESP8266_Printf                         0x08000f24   Section        0  esp8266.o(i.ESP8266_Printf)
    i.ESP8266_Publish_Topics_Actions         0x08000f70   Section        0  esp8266.o(i.ESP8266_Publish_Topics_Actions)
    i.ESP8266_Subscribe_Topics_Actions       0x08000fa4   Section        0  esp8266.o(i.ESP8266_Subscribe_Topics_Actions)
    i.ESP8266_USART1_Scan_Actions            0x08001054   Section        0  esp8266.o(i.ESP8266_USART1_Scan_Actions)
    i.ESP8266_USART2_Init                    0x080010cc   Section        0  esp8266.o(i.ESP8266_USART2_Init)
    i.GPIO_Init                              0x08001178   Section        0  stm32f10x_gpio.o(i.GPIO_Init)
    i.GPIO_WriteBit                          0x0800121e   Section        0  stm32f10x_gpio.o(i.GPIO_WriteBit)
    i.HardFault_Handler                      0x0800122a   Section        0  stm32f10x_it.o(i.HardFault_Handler)
    i.LoRa_USART3_Node1IDPkt                 0x0800122c   Section        0  lora_gateway.o(i.LoRa_USART3_Node1IDPkt)
    i.LoRa_USART3_Node1_Fan_Off_Msg          0x08001254   Section        0  lora_gateway.o(i.LoRa_USART3_Node1_Fan_Off_Msg)
    i.LoRa_USART3_Node1_Fan_On_Msg           0x08001274   Section        0  lora_gateway.o(i.LoRa_USART3_Node1_Fan_On_Msg)
    i.LoRa_USART3_Node1_Humidifier_Off_Msg   0x08001294   Section        0  lora_gateway.o(i.LoRa_USART3_Node1_Humidifier_Off_Msg)
    i.LoRa_USART3_Node1_Humidifier_On_Msg    0x080012b4   Section        0  lora_gateway.o(i.LoRa_USART3_Node1_Humidifier_On_Msg)
    i.LoRa_USART3_SendArray                  0x080012d4   Section        0  lora_gateway.o(i.LoRa_USART3_SendArray)
    i.LoRa_USART3_SendByte                   0x080012f0   Section        0  lora_gateway.o(i.LoRa_USART3_SendByte)
    i.LoRa_USART3_Trans_Mode_Init            0x08001310   Section        0  lora_gateway.o(i.LoRa_USART3_Trans_Mode_Init)
    i.MemManage_Handler                      0x080013c4   Section        0  stm32f10x_it.o(i.MemManage_Handler)
    i.NMI_Handler                            0x080013c6   Section        0  stm32f10x_it.o(i.NMI_Handler)
    i.NVIC_Init                              0x080013c8   Section        0  misc.o(i.NVIC_Init)
    i.NVIC_PriorityGroupConfig               0x0800142c   Section        0  misc.o(i.NVIC_PriorityGroupConfig)
    i.OLED_Clear                             0x08001440   Section        0  oled.o(i.OLED_Clear)
    i.OLED_I2C_Init                          0x08001468   Section        0  oled.o(i.OLED_I2C_Init)
    i.OLED_I2C_SendByte                      0x080014b8   Section        0  oled.o(i.OLED_I2C_SendByte)
    i.OLED_I2C_Start                         0x08001514   Section        0  oled.o(i.OLED_I2C_Start)
    i.OLED_I2C_Stop                          0x0800154c   Section        0  oled.o(i.OLED_I2C_Stop)
    i.OLED_Init                              0x0800157c   Section        0  oled.o(i.OLED_Init)
    i.OLED_SetCursor                         0x08001628   Section        0  oled.o(i.OLED_SetCursor)
    i.OLED_WriteCommand                      0x0800164a   Section        0  oled.o(i.OLED_WriteCommand)
    i.OLED_WriteData                         0x0800166c   Section        0  oled.o(i.OLED_WriteData)
    i.PendSV_Handler                         0x0800168e   Section        0  stm32f10x_it.o(i.PendSV_Handler)
    i.RCC_APB1PeriphClockCmd                 0x08001690   Section        0  stm32f10x_rcc.o(i.RCC_APB1PeriphClockCmd)
    i.RCC_APB2PeriphClockCmd                 0x080016ac   Section        0  stm32f10x_rcc.o(i.RCC_APB2PeriphClockCmd)
    i.RCC_GetClocksFreq                      0x080016c8   Section        0  stm32f10x_rcc.o(i.RCC_GetClocksFreq)
    i.SVC_Handler                            0x08001774   Section        0  stm32f10x_it.o(i.SVC_Handler)
    i.SetSysClock                            0x08001776   Section        0  system_stm32f10x.o(i.SetSysClock)
    SetSysClock                              0x08001777   Thumb Code     4  system_stm32f10x.o(i.SetSysClock)
    i.SetSysClockTo72                        0x0800177c   Section        0  system_stm32f10x.o(i.SetSysClockTo72)
    SetSysClockTo72                          0x0800177d   Thumb Code   166  system_stm32f10x.o(i.SetSysClockTo72)
    i.SysTick_CLKSourceConfig                0x0800182c   Section        0  misc.o(i.SysTick_CLKSourceConfig)
    i.SysTick_Handler                        0x08001848   Section        0  stm32f10x_it.o(i.SysTick_Handler)
    i.SysTick_Init                           0x0800184c   Section        0  systick.o(i.SysTick_Init)
    i.SystemInit                             0x08001878   Section        0  system_stm32f10x.o(i.SystemInit)
    i.USART1_IRQHandler                      0x080018c8   Section        0  usart1.o(i.USART1_IRQHandler)
    i.USART1_Init                            0x08001938   Section        0  usart1.o(i.USART1_Init)
    i.USART2_IRQHandler                      0x080019f0   Section        0  esp8266.o(i.USART2_IRQHandler)
    i.USART3_IRQHandler                      0x08001a60   Section        0  lora_gateway.o(i.USART3_IRQHandler)
    i.USART_ClearFlag                        0x08001b48   Section        0  stm32f10x_usart.o(i.USART_ClearFlag)
    i.USART_ClearITPendingBit                0x08001b50   Section        0  stm32f10x_usart.o(i.USART_ClearITPendingBit)
    i.USART_Cmd                              0x08001b60   Section        0  stm32f10x_usart.o(i.USART_Cmd)
    i.USART_GetFlagStatus                    0x08001b78   Section        0  stm32f10x_usart.o(i.USART_GetFlagStatus)
    i.USART_GetITStatus                      0x08001b86   Section        0  stm32f10x_usart.o(i.USART_GetITStatus)
    i.USART_ITConfig                         0x08001bc6   Section        0  stm32f10x_usart.o(i.USART_ITConfig)
    i.USART_Init                             0x08001bfc   Section        0  stm32f10x_usart.o(i.USART_Init)
    i.USART_ReceiveData                      0x08001cb8   Section        0  stm32f10x_usart.o(i.USART_ReceiveData)
    i.USART_SendData                         0x08001cc0   Section        0  stm32f10x_usart.o(i.USART_SendData)
    i.UsageFault_Handler                     0x08001cc8   Section        0  stm32f10x_it.o(i.UsageFault_Handler)
    i.__0sprintf                             0x08001ccc   Section        0  printfa.o(i.__0sprintf)
    i.__0vsprintf                            0x08001cf4   Section        0  printfa.o(i.__0vsprintf)
    i.__scatterload_copy                     0x08001d18   Section       14  handlers.o(i.__scatterload_copy)
    i.__scatterload_null                     0x08001d26   Section        2  handlers.o(i.__scatterload_null)
    i.__scatterload_zeroinit                 0x08001d28   Section       14  handlers.o(i.__scatterload_zeroinit)
    i._fp_digits                             0x08001d38   Section        0  printfa.o(i._fp_digits)
    _fp_digits                               0x08001d39   Thumb Code   366  printfa.o(i._fp_digits)
    i._printf_core                           0x08001ebc   Section        0  printfa.o(i._printf_core)
    _printf_core                             0x08001ebd   Thumb Code  1704  printfa.o(i._printf_core)
    i._printf_post_padding                   0x08002570   Section        0  printfa.o(i._printf_post_padding)
    _printf_post_padding                     0x08002571   Thumb Code    36  printfa.o(i._printf_post_padding)
    i._printf_pre_padding                    0x08002594   Section        0  printfa.o(i._printf_pre_padding)
    _printf_pre_padding                      0x08002595   Thumb Code    46  printfa.o(i._printf_pre_padding)
    i._sputc                                 0x080025c2   Section        0  printfa.o(i._sputc)
    _sputc                                   0x080025c3   Thumb Code    10  printfa.o(i._sputc)
    i.delay_ms                               0x080025cc   Section        0  systick.o(i.delay_ms)
    i.main                                   0x08002600   Section        0  main.o(i.main)
    .constdata                               0x08002680   Section       64  ctype_c.o(.constdata)
    .conststring                             0x080026c0   Section       66  esp8266.o(.conststring)
    .data                                    0x20000000   Section       20  stm32f10x_rcc.o(.data)
    ADCPrescTable                            0x20000000   Data           4  stm32f10x_rcc.o(.data)
    APBAHBPrescTable                         0x20000004   Data          16  stm32f10x_rcc.o(.data)
    .data                                    0x20000014   Section        4  systick.o(.data)
    fac_us                                   0x20000014   Data           1  systick.o(.data)
    fac_ms                                   0x20000016   Data           2  systick.o(.data)
    .data                                    0x20000018   Section        2  usart1.o(.data)
    .data                                    0x2000001c   Section       24  esp8266.o(.data)
    .data                                    0x20000034   Section       40  lora_gateway.o(.data)
    rxState                                  0x2000003c   Data           1  lora_gateway.o(.data)
    pRxPacket                                0x2000003d   Data           1  lora_gateway.o(.data)
    .data                                    0x2000005c   Section        4  lora_gateway.o(.data)
    .data                                    0x20000060   Section        4  lora_gateway.o(.data)
    .bss                                     0x20000064   Section      300  usart1.o(.bss)
    .bss                                     0x20000190   Section     3524  esp8266.o(.bss)
    .bss                                     0x20000f54   Section       80  lora_gateway.o(.bss)
    STACK                                    0x20000fa8   Section     1024  startup_stm32f10x_md.o(STACK)

    Global Symbols

    Symbol Name                              Value     Ov Type        Size  Object(Section)

    BuildAttributes$$THM_ISAv4$P$D$K$B$S$PE$A:L22UL41UL21$X:L11$S22US41US21$IEEE1$IW$USESV6$~STKCKD$USESV7$~SHL$OSPACE$ROPI$EBA8$MICROLIB$REQ8$PRES8$EABIv2 0x00000000   Number         0  anon$$obj.o ABSOLUTE
    __ARM_use_no_argv                        0x00000000   Number         0  main.o ABSOLUTE
    _printf_a                                0x00000000   Number         0  stubs.o ABSOLUTE
    _printf_c                                0x00000000   Number         0  stubs.o ABSOLUTE
    _printf_charcount                        0x00000000   Number         0  stubs.o ABSOLUTE
    _printf_d                                0x00000000   Number         0  stubs.o ABSOLUTE
    _printf_e                                0x00000000   Number         0  stubs.o ABSOLUTE
    _printf_f                                0x00000000   Number         0  stubs.o ABSOLUTE
    _printf_flags                            0x00000000   Number         0  stubs.o ABSOLUTE
    _printf_fp_dec                           0x00000000   Number         0  stubs.o ABSOLUTE
    _printf_fp_hex                           0x00000000   Number         0  stubs.o ABSOLUTE
    _printf_g                                0x00000000   Number         0  stubs.o ABSOLUTE
    _printf_i                                0x00000000   Number         0  stubs.o ABSOLUTE
    _printf_int_dec                          0x00000000   Number         0  stubs.o ABSOLUTE
    _printf_l                                0x00000000   Number         0  stubs.o ABSOLUTE
    _printf_lc                               0x00000000   Number         0  stubs.o ABSOLUTE
    _printf_ll                               0x00000000   Number         0  stubs.o ABSOLUTE
    _printf_lld                              0x00000000   Number         0  stubs.o ABSOLUTE
    _printf_lli                              0x00000000   Number         0  stubs.o ABSOLUTE
    _printf_llo                              0x00000000   Number         0  stubs.o ABSOLUTE
    _printf_llu                              0x00000000   Number         0  stubs.o ABSOLUTE
    _printf_llx                              0x00000000   Number         0  stubs.o ABSOLUTE
    _printf_longlong_dec                     0x00000000   Number         0  stubs.o ABSOLUTE
    _printf_longlong_hex                     0x00000000   Number         0  stubs.o ABSOLUTE
    _printf_longlong_oct                     0x00000000   Number         0  stubs.o ABSOLUTE
    _printf_ls                               0x00000000   Number         0  stubs.o ABSOLUTE
    _printf_mbtowc                           0x00000000   Number         0  stubs.o ABSOLUTE
    _printf_n                                0x00000000   Number         0  stubs.o ABSOLUTE
    _printf_o                                0x00000000   Number         0  stubs.o ABSOLUTE
    _printf_p                                0x00000000   Number         0  stubs.o ABSOLUTE
    _printf_percent                          0x00000000   Number         0  stubs.o ABSOLUTE
    _printf_pre_padding                      0x00000000   Number         0  stubs.o ABSOLUTE
    _printf_return_value                     0x00000000   Number         0  stubs.o ABSOLUTE
    _printf_s                                0x00000000   Number         0  stubs.o ABSOLUTE
    _printf_sizespec                         0x00000000   Number         0  stubs.o ABSOLUTE
    _printf_str                              0x00000000   Number         0  stubs.o ABSOLUTE
    _printf_truncate_signed                  0x00000000   Number         0  stubs.o ABSOLUTE
    _printf_truncate_unsigned                0x00000000   Number         0  stubs.o ABSOLUTE
    _printf_u                                0x00000000   Number         0  stubs.o ABSOLUTE
    _printf_wc                               0x00000000   Number         0  stubs.o ABSOLUTE
    _printf_wctomb                           0x00000000   Number         0  stubs.o ABSOLUTE
    _printf_widthprec                        0x00000000   Number         0  stubs.o ABSOLUTE
    _printf_x                                0x00000000   Number         0  stubs.o ABSOLUTE
    __arm_fini_                               - Undefined Weak Reference
    __cpp_initialize__aeabi_                  - Undefined Weak Reference
    __cxa_finalize                            - Undefined Weak Reference
    __decompress                              - Undefined Weak Reference
    _clock_init                               - Undefined Weak Reference
    _microlib_exit                            - Undefined Weak Reference
    _scanf_longlong                           - Undefined Weak Reference
    _scanf_real                               - Undefined Weak Reference
    _scanf_string                             - Undefined Weak Reference
    __Vectors_Size                           0x000000ec   Number         0  startup_stm32f10x_md.o ABSOLUTE
    __Vectors                                0x08000000   Data           4  startup_stm32f10x_md.o(RESET)
    __Vectors_End                            0x080000ec   Data           0  startup_stm32f10x_md.o(RESET)
    __main                                   0x080000ed   Thumb Code     0  entry.o(.ARM.Collect$$$$00000000)
    _main_stk                                0x080000ed   Thumb Code     0  entry2.o(.ARM.Collect$$$$00000001)
    _main_scatterload                        0x080000f1   Thumb Code     0  entry5.o(.ARM.Collect$$$$00000004)
    __main_after_scatterload                 0x080000f5   Thumb Code     0  entry5.o(.ARM.Collect$$$$00000004)
    _main_clock                              0x080000f5   Thumb Code     0  entry7b.o(.ARM.Collect$$$$00000008)
    _main_cpp_init                           0x080000f5   Thumb Code     0  entry8b.o(.ARM.Collect$$$$0000000A)
    _main_init                               0x080000f5   Thumb Code     0  entry9a.o(.ARM.Collect$$$$0000000B)
    __rt_lib_shutdown_fini                   0x080000fd   Thumb Code     0  entry12b.o(.ARM.Collect$$$$0000000E)
    __rt_final_cpp                           0x08000101   Thumb Code     0  entry10a.o(.ARM.Collect$$$$0000000F)
    __rt_final_exit                          0x08000101   Thumb Code     0  entry11a.o(.ARM.Collect$$$$00000011)
    Reset_Handler                            0x08000105   Thumb Code     8  startup_stm32f10x_md.o(.text)
    ADC1_2_IRQHandler                        0x0800011f   Thumb Code     0  startup_stm32f10x_md.o(.text)
    CAN1_RX1_IRQHandler                      0x0800011f   Thumb Code     0  startup_stm32f10x_md.o(.text)
    CAN1_SCE_IRQHandler                      0x0800011f   Thumb Code     0  startup_stm32f10x_md.o(.text)
    DMA1_Channel1_IRQHandler                 0x0800011f   Thumb Code     0  startup_stm32f10x_md.o(.text)
    DMA1_Channel2_IRQHandler                 0x0800011f   Thumb Code     0  startup_stm32f10x_md.o(.text)
    DMA1_Channel3_IRQHandler                 0x0800011f   Thumb Code     0  startup_stm32f10x_md.o(.text)
    DMA1_Channel4_IRQHandler                 0x0800011f   Thumb Code     0  startup_stm32f10x_md.o(.text)
    DMA1_Channel5_IRQHandler                 0x0800011f   Thumb Code     0  startup_stm32f10x_md.o(.text)
    DMA1_Channel6_IRQHandler                 0x0800011f   Thumb Code     0  startup_stm32f10x_md.o(.text)
    DMA1_Channel7_IRQHandler                 0x0800011f   Thumb Code     0  startup_stm32f10x_md.o(.text)
    EXTI0_IRQHandler                         0x0800011f   Thumb Code     0  startup_stm32f10x_md.o(.text)
    EXTI15_10_IRQHandler                     0x0800011f   Thumb Code     0  startup_stm32f10x_md.o(.text)
    EXTI1_IRQHandler                         0x0800011f   Thumb Code     0  startup_stm32f10x_md.o(.text)
    EXTI2_IRQHandler                         0x0800011f   Thumb Code     0  startup_stm32f10x_md.o(.text)
    EXTI3_IRQHandler                         0x0800011f   Thumb Code     0  startup_stm32f10x_md.o(.text)
    EXTI4_IRQHandler                         0x0800011f   Thumb Code     0  startup_stm32f10x_md.o(.text)
    EXTI9_5_IRQHandler                       0x0800011f   Thumb Code     0  startup_stm32f10x_md.o(.text)
    FLASH_IRQHandler                         0x0800011f   Thumb Code     0  startup_stm32f10x_md.o(.text)
    I2C1_ER_IRQHandler                       0x0800011f   Thumb Code     0  startup_stm32f10x_md.o(.text)
    I2C1_EV_IRQHandler                       0x0800011f   Thumb Code     0  startup_stm32f10x_md.o(.text)
    I2C2_ER_IRQHandler                       0x0800011f   Thumb Code     0  startup_stm32f10x_md.o(.text)
    I2C2_EV_IRQHandler                       0x0800011f   Thumb Code     0  startup_stm32f10x_md.o(.text)
    PVD_IRQHandler                           0x0800011f   Thumb Code     0  startup_stm32f10x_md.o(.text)
    RCC_IRQHandler                           0x0800011f   Thumb Code     0  startup_stm32f10x_md.o(.text)
    RTCAlarm_IRQHandler                      0x0800011f   Thumb Code     0  startup_stm32f10x_md.o(.text)
    RTC_IRQHandler                           0x0800011f   Thumb Code     0  startup_stm32f10x_md.o(.text)
    SPI1_IRQHandler                          0x0800011f   Thumb Code     0  startup_stm32f10x_md.o(.text)
    SPI2_IRQHandler                          0x0800011f   Thumb Code     0  startup_stm32f10x_md.o(.text)
    TAMPER_IRQHandler                        0x0800011f   Thumb Code     0  startup_stm32f10x_md.o(.text)
    TIM1_BRK_IRQHandler                      0x0800011f   Thumb Code     0  startup_stm32f10x_md.o(.text)
    TIM1_CC_IRQHandler                       0x0800011f   Thumb Code     0  startup_stm32f10x_md.o(.text)
    TIM1_TRG_COM_IRQHandler                  0x0800011f   Thumb Code     0  startup_stm32f10x_md.o(.text)
    TIM1_UP_IRQHandler                       0x0800011f   Thumb Code     0  startup_stm32f10x_md.o(.text)
    TIM2_IRQHandler                          0x0800011f   Thumb Code     0  startup_stm32f10x_md.o(.text)
    TIM3_IRQHandler                          0x0800011f   Thumb Code     0  startup_stm32f10x_md.o(.text)
    TIM4_IRQHandler                          0x0800011f   Thumb Code     0  startup_stm32f10x_md.o(.text)
    USBWakeUp_IRQHandler                     0x0800011f   Thumb Code     0  startup_stm32f10x_md.o(.text)
    USB_HP_CAN1_TX_IRQHandler                0x0800011f   Thumb Code     0  startup_stm32f10x_md.o(.text)
    USB_LP_CAN1_RX0_IRQHandler               0x0800011f   Thumb Code     0  startup_stm32f10x_md.o(.text)
    WWDG_IRQHandler                          0x0800011f   Thumb Code     0  startup_stm32f10x_md.o(.text)
    __aeabi_memset                           0x08000129   Thumb Code    14  memseta.o(.text)
    __aeabi_memset4                          0x08000129   Thumb Code     0  memseta.o(.text)
    __aeabi_memset8                          0x08000129   Thumb Code     0  memseta.o(.text)
    __aeabi_memclr                           0x08000137   Thumb Code     4  memseta.o(.text)
    __aeabi_memclr4                          0x08000137   Thumb Code     0  memseta.o(.text)
    __aeabi_memclr8                          0x08000137   Thumb Code     0  memseta.o(.text)
    _memset$wrapper                          0x0800013b   Thumb Code    18  memseta.o(.text)
    strstr                                   0x0800014d   Thumb Code    36  strstr.o(.text)
    strlen                                   0x08000171   Thumb Code    14  strlen.o(.text)
    __0sscanf                                0x08000181   Thumb Code    48  __0sscanf.o(.text)
    _scanf_int                               0x080001b9   Thumb Code   332  _scanf_int.o(.text)
    __aeabi_uidiv                            0x08000305   Thumb Code     0  uidiv.o(.text)
    __aeabi_uidivmod                         0x08000305   Thumb Code    44  uidiv.o(.text)
    __aeabi_uldivmod                         0x08000331   Thumb Code    98  uldiv.o(.text)
    _chval                                   0x08000393   Thumb Code    28  _chval.o(.text)
    __vfscanf_char                           0x080003bd   Thumb Code    20  scanf_char.o(.text)
    _sgetc                                   0x080003d9   Thumb Code    30  _sgetc.o(.text)
    _sbackspace                              0x080003f7   Thumb Code    34  _sgetc.o(.text)
    __I$use$fp                               0x08000419   Thumb Code     0  iusefp.o(.text)
    __aeabi_dadd                             0x08000419   Thumb Code   322  dadd.o(.text)
    __aeabi_dsub                             0x0800055b   Thumb Code     6  dadd.o(.text)
    __aeabi_drsub                            0x08000561   Thumb Code     6  dadd.o(.text)
    __aeabi_dmul                             0x08000567   Thumb Code   228  dmul.o(.text)
    __aeabi_ddiv                             0x0800064b   Thumb Code   222  ddiv.o(.text)
    __aeabi_d2ulz                            0x08000729   Thumb Code    48  dfixul.o(.text)
    __aeabi_cdrcmple                         0x08000759   Thumb Code    48  cdrcmple.o(.text)
    __scatterload                            0x08000789   Thumb Code    28  init.o(.text)
    __scatterload_rt2                        0x08000789   Thumb Code     0  init.o(.text)
    __aeabi_llsl                             0x080007ad   Thumb Code    30  llshl.o(.text)
    _ll_shift_l                              0x080007ad   Thumb Code     0  llshl.o(.text)
    __aeabi_llsr                             0x080007cb   Thumb Code    32  llushr.o(.text)
    _ll_ushift_r                             0x080007cb   Thumb Code     0  llushr.o(.text)
    __aeabi_lasr                             0x080007eb   Thumb Code    36  llsshr.o(.text)
    _ll_sshift_r                             0x080007eb   Thumb Code     0  llsshr.o(.text)
    isspace                                  0x0800080f   Thumb Code    10  isspace_c.o(.text)
    __vfscanf                                0x08000819   Thumb Code   810  _scanf.o(.text)
    _double_round                            0x08000b49   Thumb Code    30  depilogue.o(.text)
    _double_epilogue                         0x08000b67   Thumb Code   156  depilogue.o(.text)
    __ctype_lookup                           0x08000c05   Thumb Code    34  ctype_c.o(.text)
    BusFault_Handler                         0x08000c2d   Thumb Code     2  stm32f10x_it.o(i.BusFault_Handler)
    DebugMon_Handler                         0x08000c2f   Thumb Code     2  stm32f10x_it.o(i.DebugMon_Handler)
    ESP8266_Connection                       0x08000c31   Thumb Code   108  esp8266.o(i.ESP8266_Connection)
    ESP8266_MQTT_Publish                     0x08000dd1   Thumb Code   152  esp8266.o(i.ESP8266_MQTT_Publish)
    ESP8266_Printf                           0x08000f25   Thumb Code    68  esp8266.o(i.ESP8266_Printf)
    ESP8266_Publish_Topics_Actions           0x08000f71   Thumb Code    38  esp8266.o(i.ESP8266_Publish_Topics_Actions)
    ESP8266_Subscribe_Topics_Actions         0x08000fa5   Thumb Code    94  esp8266.o(i.ESP8266_Subscribe_Topics_Actions)
    ESP8266_USART1_Scan_Actions              0x08001055   Thumb Code    56  esp8266.o(i.ESP8266_USART1_Scan_Actions)
    ESP8266_USART2_Init                      0x080010cd   Thumb Code   164  esp8266.o(i.ESP8266_USART2_Init)
    GPIO_Init                                0x08001179   Thumb Code   166  stm32f10x_gpio.o(i.GPIO_Init)
    GPIO_WriteBit                            0x0800121f   Thumb Code    12  stm32f10x_gpio.o(i.GPIO_WriteBit)
    HardFault_Handler                        0x0800122b   Thumb Code     2  stm32f10x_it.o(i.HardFault_Handler)
    LoRa_USART3_Node1IDPkt                   0x0800122d   Thumb Code    34  lora_gateway.o(i.LoRa_USART3_Node1IDPkt)
    LoRa_USART3_Node1_Fan_Off_Msg            0x08001255   Thumb Code    28  lora_gateway.o(i.LoRa_USART3_Node1_Fan_Off_Msg)
    LoRa_USART3_Node1_Fan_On_Msg             0x08001275   Thumb Code    28  lora_gateway.o(i.LoRa_USART3_Node1_Fan_On_Msg)
    LoRa_USART3_Node1_Humidifier_Off_Msg     0x08001295   Thumb Code    28  lora_gateway.o(i.LoRa_USART3_Node1_Humidifier_Off_Msg)
    LoRa_USART3_Node1_Humidifier_On_Msg      0x080012b5   Thumb Code    28  lora_gateway.o(i.LoRa_USART3_Node1_Humidifier_On_Msg)
    LoRa_USART3_SendArray                    0x080012d5   Thumb Code    26  lora_gateway.o(i.LoRa_USART3_SendArray)
    LoRa_USART3_SendByte                     0x080012f1   Thumb Code    26  lora_gateway.o(i.LoRa_USART3_SendByte)
    LoRa_USART3_Trans_Mode_Init              0x08001311   Thumb Code   170  lora_gateway.o(i.LoRa_USART3_Trans_Mode_Init)
    MemManage_Handler                        0x080013c5   Thumb Code     2  stm32f10x_it.o(i.MemManage_Handler)
    NMI_Handler                              0x080013c7   Thumb Code     2  stm32f10x_it.o(i.NMI_Handler)
    NVIC_Init                                0x080013c9   Thumb Code    96  misc.o(i.NVIC_Init)
    NVIC_PriorityGroupConfig                 0x0800142d   Thumb Code    10  misc.o(i.NVIC_PriorityGroupConfig)
    OLED_Clear                               0x08001441   Thumb Code    38  oled.o(i.OLED_Clear)
    OLED_I2C_Init                            0x08001469   Thumb Code    76  oled.o(i.OLED_I2C_Init)
    OLED_I2C_SendByte                        0x080014b9   Thumb Code    86  oled.o(i.OLED_I2C_SendByte)
    OLED_I2C_Start                           0x08001515   Thumb Code    52  oled.o(i.OLED_I2C_Start)
    OLED_I2C_Stop                            0x0800154d   Thumb Code    42  oled.o(i.OLED_I2C_Stop)
    OLED_Init                                0x0800157d   Thumb Code   172  oled.o(i.OLED_Init)
    OLED_SetCursor                           0x08001629   Thumb Code    34  oled.o(i.OLED_SetCursor)
    OLED_WriteCommand                        0x0800164b   Thumb Code    34  oled.o(i.OLED_WriteCommand)
    OLED_WriteData                           0x0800166d   Thumb Code    34  oled.o(i.OLED_WriteData)
    PendSV_Handler                           0x0800168f   Thumb Code     2  stm32f10x_it.o(i.PendSV_Handler)
    RCC_APB1PeriphClockCmd                   0x08001691   Thumb Code    22  stm32f10x_rcc.o(i.RCC_APB1PeriphClockCmd)
    RCC_APB2PeriphClockCmd                   0x080016ad   Thumb Code    22  stm32f10x_rcc.o(i.RCC_APB2PeriphClockCmd)
    RCC_GetClocksFreq                        0x080016c9   Thumb Code   154  stm32f10x_rcc.o(i.RCC_GetClocksFreq)
    SVC_Handler                              0x08001775   Thumb Code     2  stm32f10x_it.o(i.SVC_Handler)
    SysTick_CLKSourceConfig                  0x0800182d   Thumb Code    28  misc.o(i.SysTick_CLKSourceConfig)
    SysTick_Handler                          0x08001849   Thumb Code     2  stm32f10x_it.o(i.SysTick_Handler)
    SysTick_Init                             0x0800184d   Thumb Code    38  systick.o(i.SysTick_Init)
    SystemInit                               0x08001879   Thumb Code    64  system_stm32f10x.o(i.SystemInit)
    USART1_IRQHandler                        0x080018c9   Thumb Code   100  usart1.o(i.USART1_IRQHandler)
    USART1_Init                              0x08001939   Thumb Code   176  usart1.o(i.USART1_Init)
    USART2_IRQHandler                        0x080019f1   Thumb Code    98  esp8266.o(i.USART2_IRQHandler)
    USART3_IRQHandler                        0x08001a61   Thumb Code   218  lora_gateway.o(i.USART3_IRQHandler)
    USART_ClearFlag                          0x08001b49   Thumb Code     8  stm32f10x_usart.o(i.USART_ClearFlag)
    USART_ClearITPendingBit                  0x08001b51   Thumb Code    16  stm32f10x_usart.o(i.USART_ClearITPendingBit)
    USART_Cmd                                0x08001b61   Thumb Code    24  stm32f10x_usart.o(i.USART_Cmd)
    USART_GetFlagStatus                      0x08001b79   Thumb Code    14  stm32f10x_usart.o(i.USART_GetFlagStatus)
    USART_GetITStatus                        0x08001b87   Thumb Code    64  stm32f10x_usart.o(i.USART_GetITStatus)
    USART_ITConfig                           0x08001bc7   Thumb Code    54  stm32f10x_usart.o(i.USART_ITConfig)
    USART_Init                               0x08001bfd   Thumb Code   182  stm32f10x_usart.o(i.USART_Init)
    USART_ReceiveData                        0x08001cb9   Thumb Code     8  stm32f10x_usart.o(i.USART_ReceiveData)
    USART_SendData                           0x08001cc1   Thumb Code     8  stm32f10x_usart.o(i.USART_SendData)
    UsageFault_Handler                       0x08001cc9   Thumb Code     2  stm32f10x_it.o(i.UsageFault_Handler)
    __0sprintf                               0x08001ccd   Thumb Code    34  printfa.o(i.__0sprintf)
    __1sprintf                               0x08001ccd   Thumb Code     0  printfa.o(i.__0sprintf)
    __2sprintf                               0x08001ccd   Thumb Code     0  printfa.o(i.__0sprintf)
    __c89sprintf                             0x08001ccd   Thumb Code     0  printfa.o(i.__0sprintf)
    sprintf                                  0x08001ccd   Thumb Code     0  printfa.o(i.__0sprintf)
    __0vsprintf                              0x08001cf5   Thumb Code    30  printfa.o(i.__0vsprintf)
    __1vsprintf                              0x08001cf5   Thumb Code     0  printfa.o(i.__0vsprintf)
    __2vsprintf                              0x08001cf5   Thumb Code     0  printfa.o(i.__0vsprintf)
    __c89vsprintf                            0x08001cf5   Thumb Code     0  printfa.o(i.__0vsprintf)
    vsprintf                                 0x08001cf5   Thumb Code     0  printfa.o(i.__0vsprintf)
    __scatterload_copy                       0x08001d19   Thumb Code    14  handlers.o(i.__scatterload_copy)
    __scatterload_null                       0x08001d27   Thumb Code     2  handlers.o(i.__scatterload_null)
    __scatterload_zeroinit                   0x08001d29   Thumb Code    14  handlers.o(i.__scatterload_zeroinit)
    delay_ms                                 0x080025cd   Thumb Code    46  systick.o(i.delay_ms)
    main                                     0x08002601   Thumb Code   114  main.o(i.main)
    __ctype_categories                       0x08002680   Data          64  ctype_c.o(.constdata)
    Region$$Table$$Base                      0x08002704   Number         0  anon$$obj.o(Region$$Table)
    Region$$Table$$Limit                     0x08002724   Number         0  anon$$obj.o(Region$$Table)
    USART_RX_STA                             0x20000018   Data           2  usart1.o(.data)
    usart2ReceiveFlag                        0x2000001c   Data           2  esp8266.o(.data)
    size                                     0x20000020   Data           4  esp8266.o(.data)
    pubLedSwitch                             0x20000024   Data           4  esp8266.o(.data)
    pubFanSwitch                             0x20000028   Data           4  esp8266.o(.data)
    pubHumidifierSwitch                      0x2000002c   Data           4  esp8266.o(.data)
    sendData                                 0x20000030   Data           4  esp8266.o(.data)
    loRaNode1Channel                         0x20000034   Data           1  lora_gateway.o(.data)
    loRaNode1Id                              0x20000035   Data           1  lora_gateway.o(.data)
    loRaNode2Channel                         0x20000036   Data           1  lora_gateway.o(.data)
    loRaNode2Id                              0x20000037   Data           1  lora_gateway.o(.data)
    loRaExecutorFan                          0x20000038   Data           1  lora_gateway.o(.data)
    loRaExecutorHumidifier                   0x20000039   Data           1  lora_gateway.o(.data)
    loRaExecutorStatusOn                     0x2000003a   Data           1  lora_gateway.o(.data)
    loRaExecutorStatusOff                    0x2000003b   Data           1  lora_gateway.o(.data)
    loRaNodeID                               0x2000003e   Data           1  lora_gateway.o(.data)
    loRaNode1Addr                            0x2000003f   Data           2  lora_gateway.o(.data)
    loRaNode2Addr                            0x20000041   Data           2  lora_gateway.o(.data)
    jsonTemp                                 0x20000044   Data           4  lora_gateway.o(.data)
    jsonHumi                                 0x20000048   Data           4  lora_gateway.o(.data)
    jsonSmoke                                0x2000004c   Data           4  lora_gateway.o(.data)
    jsonFire                                 0x20000050   Data           4  lora_gateway.o(.data)
    jsonBeep                                 0x20000054   Data           4  lora_gateway.o(.data)
    jsonServo                                0x20000058   Data           4  lora_gateway.o(.data)
    jsonFan                                  0x2000005c   Data           4  lora_gateway.o(.data)
    jsonHumidifier                           0x20000060   Data           4  lora_gateway.o(.data)
    USART1_RX_BUF                            0x20000064   Data         300  usart1.o(.bss)
    ESP8266_TX_BUF                           0x20000190   Data        1024  esp8266.o(.bss)
    USARTx_RX_BUF                            0x20000590   Data        2000  esp8266.o(.bss)
    pubPayloadBuffer                         0x20000d60   Data         500  esp8266.o(.bss)
    loRaUSART3RxPacket                       0x20000f54   Data          80  lora_gateway.o(.bss)
    __initial_sp                             0x200013a8   Data           0  startup_stm32f10x_md.o(STACK)



==============================================================================

Memory Map of the image

  Image Entry point : 0x080000ed

  Load Region LR_IROM1 (Base: 0x08000000, Size: 0x00002788, Max: 0x00010000, ABSOLUTE)

    Execution Region ER_IROM1 (Exec base: 0x08000000, Load base: 0x08000000, Size: 0x00002724, Max: 0x00010000, ABSOLUTE)

    Exec Addr    Load Addr    Size         Type   Attr      Idx    E Section Name        Object

    0x08000000   0x08000000   0x000000ec   Data   RO           19    RESET               startup_stm32f10x_md.o
    0x080000ec   0x080000ec   0x00000000   Code   RO         3614  * .ARM.Collect$$$$00000000  mc_w.l(entry.o)
    0x080000ec   0x080000ec   0x00000004   Code   RO         3888    .ARM.Collect$$$$00000001  mc_w.l(entry2.o)
    0x080000f0   0x080000f0   0x00000004   Code   RO         3891    .ARM.Collect$$$$00000004  mc_w.l(entry5.o)
    0x080000f4   0x080000f4   0x00000000   Code   RO         3893    .ARM.Collect$$$$00000008  mc_w.l(entry7b.o)
    0x080000f4   0x080000f4   0x00000000   Code   RO         3895    .ARM.Collect$$$$0000000A  mc_w.l(entry8b.o)
    0x080000f4   0x080000f4   0x00000008   Code   RO         3896    .ARM.Collect$$$$0000000B  mc_w.l(entry9a.o)
    0x080000fc   0x080000fc   0x00000004   Code   RO         3903    .ARM.Collect$$$$0000000E  mc_w.l(entry12b.o)
    0x08000100   0x08000100   0x00000000   Code   RO         3898    .ARM.Collect$$$$0000000F  mc_w.l(entry10a.o)
    0x08000100   0x08000100   0x00000000   Code   RO         3900    .ARM.Collect$$$$00000011  mc_w.l(entry11a.o)
    0x08000100   0x08000100   0x00000004   Code   RO         3889    .ARM.Collect$$$$00002712  mc_w.l(entry2.o)
    0x08000104   0x08000104   0x00000024   Code   RO           20    .text               startup_stm32f10x_md.o
    0x08000128   0x08000128   0x00000024   Code   RO         3617    .text               mc_w.l(memseta.o)
    0x0800014c   0x0800014c   0x00000024   Code   RO         3619    .text               mc_w.l(strstr.o)
    0x08000170   0x08000170   0x0000000e   Code   RO         3621    .text               mc_w.l(strlen.o)
    0x0800017e   0x0800017e   0x00000002   PAD
    0x08000180   0x08000180   0x00000038   Code   RO         3884    .text               mc_w.l(__0sscanf.o)
    0x080001b8   0x080001b8   0x0000014c   Code   RO         3886    .text               mc_w.l(_scanf_int.o)
    0x08000304   0x08000304   0x0000002c   Code   RO         3905    .text               mc_w.l(uidiv.o)
    0x08000330   0x08000330   0x00000062   Code   RO         3907    .text               mc_w.l(uldiv.o)
    0x08000392   0x08000392   0x0000001c   Code   RO         3909    .text               mc_w.l(_chval.o)
    0x080003ae   0x080003ae   0x00000002   PAD
    0x080003b0   0x080003b0   0x00000028   Code   RO         3911    .text               mc_w.l(scanf_char.o)
    0x080003d8   0x080003d8   0x00000040   Code   RO         3913    .text               mc_w.l(_sgetc.o)
    0x08000418   0x08000418   0x00000000   Code   RO         3915    .text               mc_w.l(iusefp.o)
    0x08000418   0x08000418   0x0000014e   Code   RO         3916    .text               mf_w.l(dadd.o)
    0x08000566   0x08000566   0x000000e4   Code   RO         3918    .text               mf_w.l(dmul.o)
    0x0800064a   0x0800064a   0x000000de   Code   RO         3920    .text               mf_w.l(ddiv.o)
    0x08000728   0x08000728   0x00000030   Code   RO         3922    .text               mf_w.l(dfixul.o)
    0x08000758   0x08000758   0x00000030   Code   RO         3924    .text               mf_w.l(cdrcmple.o)
    0x08000788   0x08000788   0x00000024   Code   RO         3926    .text               mc_w.l(init.o)
    0x080007ac   0x080007ac   0x0000001e   Code   RO         3928    .text               mc_w.l(llshl.o)
    0x080007ca   0x080007ca   0x00000020   Code   RO         3930    .text               mc_w.l(llushr.o)
    0x080007ea   0x080007ea   0x00000024   Code   RO         3932    .text               mc_w.l(llsshr.o)
    0x0800080e   0x0800080e   0x0000000a   Code   RO         3934    .text               mc_w.l(isspace_c.o)
    0x08000818   0x08000818   0x00000330   Code   RO         3936    .text               mc_w.l(_scanf.o)
    0x08000b48   0x08000b48   0x000000ba   Code   RO         3938    .text               mf_w.l(depilogue.o)
    0x08000c02   0x08000c02   0x00000002   PAD
    0x08000c04   0x08000c04   0x00000028   Code   RO         3940    .text               mc_w.l(ctype_c.o)
    0x08000c2c   0x08000c2c   0x00000002   Code   RO          203    i.BusFault_Handler  stm32f10x_it.o
    0x08000c2e   0x08000c2e   0x00000002   Code   RO          204    i.DebugMon_Handler  stm32f10x_it.o
    0x08000c30   0x08000c30   0x000001a0   Code   RO         3300    i.ESP8266_Connection  esp8266.o
    0x08000dd0   0x08000dd0   0x00000154   Code   RO         3301    i.ESP8266_MQTT_Publish  esp8266.o
    0x08000f24   0x08000f24   0x0000004c   Code   RO         3302    i.ESP8266_Printf    esp8266.o
    0x08000f70   0x08000f70   0x00000034   Code   RO         3303    i.ESP8266_Publish_Topics_Actions  esp8266.o
    0x08000fa4   0x08000fa4   0x000000b0   Code   RO         3304    i.ESP8266_Subscribe_Topics_Actions  esp8266.o
    0x08001054   0x08001054   0x00000078   Code   RO         3305    i.ESP8266_USART1_Scan_Actions  esp8266.o
    0x080010cc   0x080010cc   0x000000ac   Code   RO         3306    i.ESP8266_USART2_Init  esp8266.o
    0x08001178   0x08001178   0x000000a6   Code   RO         1417    i.GPIO_Init         stm32f10x_gpio.o
    0x0800121e   0x0800121e   0x0000000c   Code   RO         1428    i.GPIO_WriteBit     stm32f10x_gpio.o
    0x0800122a   0x0800122a   0x00000002   Code   RO          205    i.HardFault_Handler  stm32f10x_it.o
    0x0800122c   0x0800122c   0x00000028   Code   RO         3516    i.LoRa_USART3_Node1IDPkt  lora_gateway.o
    0x08001254   0x08001254   0x00000020   Code   RO         3517    i.LoRa_USART3_Node1_Fan_Off_Msg  lora_gateway.o
    0x08001274   0x08001274   0x00000020   Code   RO         3518    i.LoRa_USART3_Node1_Fan_On_Msg  lora_gateway.o
    0x08001294   0x08001294   0x00000020   Code   RO         3519    i.LoRa_USART3_Node1_Humidifier_Off_Msg  lora_gateway.o
    0x080012b4   0x080012b4   0x00000020   Code   RO         3520    i.LoRa_USART3_Node1_Humidifier_On_Msg  lora_gateway.o
    0x080012d4   0x080012d4   0x0000001a   Code   RO         3522    i.LoRa_USART3_SendArray  lora_gateway.o
    0x080012ee   0x080012ee   0x00000002   PAD
    0x080012f0   0x080012f0   0x00000020   Code   RO         3523    i.LoRa_USART3_SendByte  lora_gateway.o
    0x08001310   0x08001310   0x000000b4   Code   RO         3526    i.LoRa_USART3_Trans_Mode_Init  lora_gateway.o
    0x080013c4   0x080013c4   0x00000002   Code   RO          206    i.MemManage_Handler  stm32f10x_it.o
    0x080013c6   0x080013c6   0x00000002   Code   RO          207    i.NMI_Handler       stm32f10x_it.o
    0x080013c8   0x080013c8   0x00000064   Code   RO          266    i.NVIC_Init         misc.o
    0x0800142c   0x0800142c   0x00000014   Code   RO          267    i.NVIC_PriorityGroupConfig  misc.o
    0x08001440   0x08001440   0x00000026   Code   RO         3408    i.OLED_Clear        oled.o
    0x08001466   0x08001466   0x00000002   PAD
    0x08001468   0x08001468   0x00000050   Code   RO         3409    i.OLED_I2C_Init     oled.o
    0x080014b8   0x080014b8   0x0000005c   Code   RO         3410    i.OLED_I2C_SendByte  oled.o
    0x08001514   0x08001514   0x00000038   Code   RO         3411    i.OLED_I2C_Start    oled.o
    0x0800154c   0x0800154c   0x00000030   Code   RO         3412    i.OLED_I2C_Stop     oled.o
    0x0800157c   0x0800157c   0x000000ac   Code   RO         3413    i.OLED_Init         oled.o
    0x08001628   0x08001628   0x00000022   Code   RO         3415    i.OLED_SetCursor    oled.o
    0x0800164a   0x0800164a   0x00000022   Code   RO         3422    i.OLED_WriteCommand  oled.o
    0x0800166c   0x0800166c   0x00000022   Code   RO         3423    i.OLED_WriteData    oled.o
    0x0800168e   0x0800168e   0x00000002   Code   RO          208    i.PendSV_Handler    stm32f10x_it.o
    0x08001690   0x08001690   0x0000001c   Code   RO         1833    i.RCC_APB1PeriphClockCmd  stm32f10x_rcc.o
    0x080016ac   0x080016ac   0x0000001c   Code   RO         1835    i.RCC_APB2PeriphClockCmd  stm32f10x_rcc.o
    0x080016c8   0x080016c8   0x000000ac   Code   RO         1843    i.RCC_GetClocksFreq  stm32f10x_rcc.o
    0x08001774   0x08001774   0x00000002   Code   RO          209    i.SVC_Handler       stm32f10x_it.o
    0x08001776   0x08001776   0x00000004   Code   RO           24    i.SetSysClock       system_stm32f10x.o
    0x0800177a   0x0800177a   0x00000002   PAD
    0x0800177c   0x0800177c   0x000000b0   Code   RO           25    i.SetSysClockTo72   system_stm32f10x.o
    0x0800182c   0x0800182c   0x0000001c   Code   RO          270    i.SysTick_CLKSourceConfig  misc.o
    0x08001848   0x08001848   0x00000002   Code   RO          210    i.SysTick_Handler   stm32f10x_it.o
    0x0800184a   0x0800184a   0x00000002   PAD
    0x0800184c   0x0800184c   0x0000002c   Code   RO         3233    i.SysTick_Init      systick.o
    0x08001878   0x08001878   0x00000050   Code   RO           27    i.SystemInit        system_stm32f10x.o
    0x080018c8   0x080018c8   0x00000070   Code   RO         3263    i.USART1_IRQHandler  usart1.o
    0x08001938   0x08001938   0x000000b8   Code   RO         3264    i.USART1_Init       usart1.o
    0x080019f0   0x080019f0   0x00000070   Code   RO         3307    i.USART2_IRQHandler  esp8266.o
    0x08001a60   0x08001a60   0x000000e8   Code   RO         3527    i.USART3_IRQHandler  lora_gateway.o
    0x08001b48   0x08001b48   0x00000008   Code   RO         2999    i.USART_ClearFlag   stm32f10x_usart.o
    0x08001b50   0x08001b50   0x00000010   Code   RO         3000    i.USART_ClearITPendingBit  stm32f10x_usart.o
    0x08001b60   0x08001b60   0x00000018   Code   RO         3003    i.USART_Cmd         stm32f10x_usart.o
    0x08001b78   0x08001b78   0x0000000e   Code   RO         3006    i.USART_GetFlagStatus  stm32f10x_usart.o
    0x08001b86   0x08001b86   0x00000040   Code   RO         3007    i.USART_GetITStatus  stm32f10x_usart.o
    0x08001bc6   0x08001bc6   0x00000036   Code   RO         3009    i.USART_ITConfig    stm32f10x_usart.o
    0x08001bfc   0x08001bfc   0x000000bc   Code   RO         3010    i.USART_Init        stm32f10x_usart.o
    0x08001cb8   0x08001cb8   0x00000008   Code   RO         3017    i.USART_ReceiveData  stm32f10x_usart.o
    0x08001cc0   0x08001cc0   0x00000008   Code   RO         3020    i.USART_SendData    stm32f10x_usart.o
    0x08001cc8   0x08001cc8   0x00000002   Code   RO          211    i.UsageFault_Handler  stm32f10x_it.o
    0x08001cca   0x08001cca   0x00000002   PAD
    0x08001ccc   0x08001ccc   0x00000028   Code   RO         3858    i.__0sprintf        mc_w.l(printfa.o)
    0x08001cf4   0x08001cf4   0x00000024   Code   RO         3862    i.__0vsprintf       mc_w.l(printfa.o)
    0x08001d18   0x08001d18   0x0000000e   Code   RO         3945    i.__scatterload_copy  mc_w.l(handlers.o)
    0x08001d26   0x08001d26   0x00000002   Code   RO         3946    i.__scatterload_null  mc_w.l(handlers.o)
    0x08001d28   0x08001d28   0x0000000e   Code   RO         3947    i.__scatterload_zeroinit  mc_w.l(handlers.o)
    0x08001d36   0x08001d36   0x00000002   PAD
    0x08001d38   0x08001d38   0x00000184   Code   RO         3863    i._fp_digits        mc_w.l(printfa.o)
    0x08001ebc   0x08001ebc   0x000006b4   Code   RO         3864    i._printf_core      mc_w.l(printfa.o)
    0x08002570   0x08002570   0x00000024   Code   RO         3865    i._printf_post_padding  mc_w.l(printfa.o)
    0x08002594   0x08002594   0x0000002e   Code   RO         3866    i._printf_pre_padding  mc_w.l(printfa.o)
    0x080025c2   0x080025c2   0x0000000a   Code   RO         3868    i._sputc            mc_w.l(printfa.o)
    0x080025cc   0x080025cc   0x00000034   Code   RO         3234    i.delay_ms          systick.o
    0x08002600   0x08002600   0x00000080   Code   RO          137    i.main              main.o
    0x08002680   0x08002680   0x00000040   Data   RO         3941    .constdata          mc_w.l(ctype_c.o)
    0x080026c0   0x080026c0   0x00000042   Data   RO         3310    .conststring        esp8266.o
    0x08002702   0x08002702   0x00000002   PAD
    0x08002704   0x08002704   0x00000020   Data   RO         3943    Region$$Table       anon$$obj.o


    Execution Region RW_IRAM1 (Exec base: 0x20000000, Load base: 0x08002724, Size: 0x000013a8, Max: 0x00005000, ABSOLUTE)

    Exec Addr    Load Addr    Size         Type   Attr      Idx    E Section Name        Object

    0x20000000   0x08002724   0x00000014   Data   RW         1863    .data               stm32f10x_rcc.o
    0x20000014   0x08002738   0x00000004   Data   RW         3236    .data               systick.o
    0x20000018   0x0800273c   0x00000002   Data   RW         3267    .data               usart1.o
    0x2000001a   0x0800273e   0x00000002   PAD
    0x2000001c   0x08002740   0x00000018   Data   RW         3311    .data               esp8266.o
    0x20000034   0x08002758   0x00000028   Data   RW         3529    .data               lora_gateway.o
    0x2000005c   0x08002780   0x00000004   Data   RW         3539    .data               lora_gateway.o
    0x20000060   0x08002784   0x00000004   Data   RW         3540    .data               lora_gateway.o
    0x20000064        -       0x0000012c   Zero   RW         3266    .bss                usart1.o
    0x20000190        -       0x00000dc4   Zero   RW         3309    .bss                esp8266.o
    0x20000f54        -       0x00000050   Zero   RW         3528    .bss                lora_gateway.o
    0x20000fa4   0x08002788   0x00000004   PAD
    0x20000fa8        -       0x00000400   Zero   RW           17    STACK               startup_stm32f10x_md.o


==============================================================================

Image component sizes


      Code (inc. data)   RO Data    RW Data    ZI Data      Debug   Object Name

         0          0          0          0          0       4604   core_cm3.o
      1464        686         66         24       3524       5830   esp8266.o
       638         52          0         48         80       7624   lora_gateway.o
       128         14          0          0          0     204647   main.o
       148         14          0          0          0       2213   misc.o
       588         20          0          0          0       4828   oled.o
        36          8        236          0       1024        808   startup_stm32f10x_md.o
       178          0          0          0          0       2712   stm32f10x_gpio.o
        18          0          0          0          0       3866   stm32f10x_it.o
       228         30          0         20          0       4706   stm32f10x_rcc.o
       384          6          0          0          0       7721   stm32f10x_usart.o
       260         26          0          0          0      25217   system_stm32f10x.o
        96         12          0          4          0       1246   systick.o
       296         20          0          2        300       1935   usart1.o

    ----------------------------------------------------------------------
      4472        888        336        100       4932     277957   Object Totals
         0          0         32          0          0          0   (incl. Generated)
        10          0          2          2          4          0   (incl. Padding)

    ----------------------------------------------------------------------

      Code (inc. data)   RO Data    RW Data    ZI Data      Debug   Library Member Name

        56          8          0          0          0         84   __0sscanf.o
        28          0          0          0          0         68   _chval.o
       816          6          0          0          0        112   _scanf.o
       332          0          0          0          0         96   _scanf_int.o
        64          0          0          0          0         84   _sgetc.o
        40          6         64          0          0         68   ctype_c.o
         0          0          0          0          0          0   entry.o
         0          0          0          0          0          0   entry10a.o
         0          0          0          0          0          0   entry11a.o
         4          0          0          0          0          0   entry12b.o
         8          4          0          0          0          0   entry2.o
         4          0          0          0          0          0   entry5.o
         0          0          0          0          0          0   entry7b.o
         0          0          0          0          0          0   entry8b.o
         8          4          0          0          0          0   entry9a.o
        30          0          0          0          0          0   handlers.o
        36          8          0          0          0         68   init.o
        10          0          0          0          0         68   isspace_c.o
         0          0          0          0          0          0   iusefp.o
        30          0          0          0          0         68   llshl.o
        36          0          0          0          0         68   llsshr.o
        32          0          0          0          0         68   llushr.o
        36          0          0          0          0        108   memseta.o
      2272         92          0          0          0        612   printfa.o
        40          8          0          0          0         84   scanf_char.o
        14          0          0          0          0         68   strlen.o
        36          0          0          0          0         80   strstr.o
        44          0          0          0          0         80   uidiv.o
        98          0          0          0          0         92   uldiv.o
        48          0          0          0          0         68   cdrcmple.o
       334          0          0          0          0        148   dadd.o
       222          0          0          0          0        100   ddiv.o
       186          0          0          0          0        176   depilogue.o
        48          0          0          0          0         68   dfixul.o
       228          0          0          0          0         96   dmul.o

    ----------------------------------------------------------------------
      5148        136         64          0          0       2632   Library Totals
         8          0          0          0          0          0   (incl. Padding)

    ----------------------------------------------------------------------

      Code (inc. data)   RO Data    RW Data    ZI Data      Debug   Library Name

      4074        136         64          0          0       1976   mc_w.l
      1066          0          0          0          0        656   mf_w.l

    ----------------------------------------------------------------------
      5148        136         64          0          0       2632   Library Totals

    ----------------------------------------------------------------------

==============================================================================


      Code (inc. data)   RO Data    RW Data    ZI Data      Debug   

      9620       1024        400        100       4932     276425   Grand Totals
      9620       1024        400        100       4932     276425   ELF Image Totals
      9620       1024        400        100          0          0   ROM Totals

==============================================================================

    Total RO  Size (Code + RO Data)                10020 (   9.79kB)
    Total RW  Size (RW Data + ZI Data)              5032 (   4.91kB)
    Total ROM Size (Code + RO Data + RW Data)      10120 (   9.88kB)

==============================================================================

